Archive member included to satisfy reference by file (symbol)

/Applications/STM32CubeIDE.app/Contents/Eclipse/plugins/com.st.stm32cube.ide.mcu.externaltools.gnu-tools-for-stm32.13.3.rel1.macos64_1.0.0.202411102158/tools/bin/../lib/gcc/arm-none-eabi/13.3.1/../../../../arm-none-eabi/lib/thumb/v7e-m+fp/hard/libc_nano.a(libc_a-exit.o)
                              /Applications/STM32CubeIDE.app/Contents/Eclipse/plugins/com.st.stm32cube.ide.mcu.externaltools.gnu-tools-for-stm32.13.3.rel1.macos64_1.0.0.202411102158/tools/bin/../lib/gcc/arm-none-eabi/13.3.1/../../../../arm-none-eabi/lib/thumb/v7e-m+fp/hard/crt0.o (exit)
/Applications/STM32CubeIDE.app/Contents/Eclipse/plugins/com.st.stm32cube.ide.mcu.externaltools.gnu-tools-for-stm32.13.3.rel1.macos64_1.0.0.202411102158/tools/bin/../lib/gcc/arm-none-eabi/13.3.1/../../../../arm-none-eabi/lib/thumb/v7e-m+fp/hard/libc_nano.a(libc_a-findfp.o)
                              /Applications/STM32CubeIDE.app/Contents/Eclipse/plugins/com.st.stm32cube.ide.mcu.externaltools.gnu-tools-for-stm32.13.3.rel1.macos64_1.0.0.202411102158/tools/bin/../lib/gcc/arm-none-eabi/13.3.1/../../../../arm-none-eabi/lib/thumb/v7e-m+fp/hard/libc_nano.a(libc_a-exit.o) (__stdio_exit_handler)
/Applications/STM32CubeIDE.app/Contents/Eclipse/plugins/com.st.stm32cube.ide.mcu.externaltools.gnu-tools-for-stm32.13.3.rel1.macos64_1.0.0.202411102158/tools/bin/../lib/gcc/arm-none-eabi/13.3.1/../../../../arm-none-eabi/lib/thumb/v7e-m+fp/hard/libc_nano.a(libc_a-fwalk.o)
                              /Applications/STM32CubeIDE.app/Contents/Eclipse/plugins/com.st.stm32cube.ide.mcu.externaltools.gnu-tools-for-stm32.13.3.rel1.macos64_1.0.0.202411102158/tools/bin/../lib/gcc/arm-none-eabi/13.3.1/../../../../arm-none-eabi/lib/thumb/v7e-m+fp/hard/libc_nano.a(libc_a-findfp.o) (_fwalk_sglue)
/Applications/STM32CubeIDE.app/Contents/Eclipse/plugins/com.st.stm32cube.ide.mcu.externaltools.gnu-tools-for-stm32.13.3.rel1.macos64_1.0.0.202411102158/tools/bin/../lib/gcc/arm-none-eabi/13.3.1/../../../../arm-none-eabi/lib/thumb/v7e-m+fp/hard/libc_nano.a(libc_a-memset.o)
                              /Applications/STM32CubeIDE.app/Contents/Eclipse/plugins/com.st.stm32cube.ide.mcu.externaltools.gnu-tools-for-stm32.13.3.rel1.macos64_1.0.0.202411102158/tools/bin/../lib/gcc/arm-none-eabi/13.3.1/../../../../arm-none-eabi/lib/thumb/v7e-m+fp/hard/crt0.o (memset)
/Applications/STM32CubeIDE.app/Contents/Eclipse/plugins/com.st.stm32cube.ide.mcu.externaltools.gnu-tools-for-stm32.13.3.rel1.macos64_1.0.0.202411102158/tools/bin/../lib/gcc/arm-none-eabi/13.3.1/../../../../arm-none-eabi/lib/thumb/v7e-m+fp/hard/libc_nano.a(libc_a-errno.o)
                              ./Core/Src/syscalls.o (__errno)
/Applications/STM32CubeIDE.app/Contents/Eclipse/plugins/com.st.stm32cube.ide.mcu.externaltools.gnu-tools-for-stm32.13.3.rel1.macos64_1.0.0.202411102158/tools/bin/../lib/gcc/arm-none-eabi/13.3.1/../../../../arm-none-eabi/lib/thumb/v7e-m+fp/hard/libc_nano.a(libc_a-init.o)
                              /Applications/STM32CubeIDE.app/Contents/Eclipse/plugins/com.st.stm32cube.ide.mcu.externaltools.gnu-tools-for-stm32.13.3.rel1.macos64_1.0.0.202411102158/tools/bin/../lib/gcc/arm-none-eabi/13.3.1/../../../../arm-none-eabi/lib/thumb/v7e-m+fp/hard/crt0.o (__libc_init_array)
/Applications/STM32CubeIDE.app/Contents/Eclipse/plugins/com.st.stm32cube.ide.mcu.externaltools.gnu-tools-for-stm32.13.3.rel1.macos64_1.0.0.202411102158/tools/bin/../lib/gcc/arm-none-eabi/13.3.1/../../../../arm-none-eabi/lib/thumb/v7e-m+fp/hard/libc_nano.a(libc_a-lock.o)
                              /Applications/STM32CubeIDE.app/Contents/Eclipse/plugins/com.st.stm32cube.ide.mcu.externaltools.gnu-tools-for-stm32.13.3.rel1.macos64_1.0.0.202411102158/tools/bin/../lib/gcc/arm-none-eabi/13.3.1/../../../../arm-none-eabi/lib/thumb/v7e-m+fp/hard/libc_nano.a(libc_a-findfp.o) (__retarget_lock_init_recursive)
/Applications/STM32CubeIDE.app/Contents/Eclipse/plugins/com.st.stm32cube.ide.mcu.externaltools.gnu-tools-for-stm32.13.3.rel1.macos64_1.0.0.202411102158/tools/bin/../lib/gcc/arm-none-eabi/13.3.1/../../../../arm-none-eabi/lib/thumb/v7e-m+fp/hard/libc_nano.a(libc_a-impure.o)
                              /Applications/STM32CubeIDE.app/Contents/Eclipse/plugins/com.st.stm32cube.ide.mcu.externaltools.gnu-tools-for-stm32.13.3.rel1.macos64_1.0.0.202411102158/tools/bin/../lib/gcc/arm-none-eabi/13.3.1/../../../../arm-none-eabi/lib/thumb/v7e-m+fp/hard/libc_nano.a(libc_a-errno.o) (_impure_ptr)
/Applications/STM32CubeIDE.app/Contents/Eclipse/plugins/com.st.stm32cube.ide.mcu.externaltools.gnu-tools-for-stm32.13.3.rel1.macos64_1.0.0.202411102158/tools/bin/../lib/gcc/arm-none-eabi/13.3.1/../../../../arm-none-eabi/lib/thumb/v7e-m+fp/hard/libc_nano.a(libc_a-memcpy-stub.o)
                              ./Drivers/OLED/ssd1306.o (memcpy)
[...]
Memory Configuration

Name             Origin             Length             Attributes
RAM              0x20000000         0x00018000         xrw
RAM2             0x10000000         0x00008000         xrw
FLASH            0x08000000         0x00100000         xr
*default*        0x00000000         0xffffffff

Linker script and memory map

LOAD /Applications/STM32CubeIDE.app/Contents/Eclipse/plugins/com.st.stm32cube.ide.mcu.externaltools.gnu-tools-for-stm32.13.3.rel1.macos64_1.0.0.202411102158/tools/bin/../lib/gcc/arm-none-eabi/13.3.1/thumb/v7e-m+fp/hard/crti.o
LOAD /Applications/STM32CubeIDE.app/Contents/Eclipse/plugins/com.st.stm32cube.ide.mcu.externaltools.gnu-tools-for-stm32.13.3.rel1.macos64_1.0.0.202411102158/tools/bin/../lib/gcc/arm-none-eabi/13.3.1/thumb/v7e-m+fp/hard/crtbegin.o
LOAD /Applications/STM32CubeIDE.app/Contents/Eclipse/plugins/com.st.stm32cube.ide.mcu.externaltools.gnu-tools-for-stm32.13.3.rel1.macos64_1.0.0.202411102158/tools/bin/../lib/gcc/arm-none-eabi/13.3.1/../../../../arm-none-eabi/lib/thumb/v7e-m+fp/hard/crt0.o
LOAD ./Core/Src/adc.o
LOAD ./Core/Src/display.o
LOAD ./Core/Src/gpio.o
LOAD ./Core/Src/main.o
LOAD ./Core/Src/poti.o
LOAD ./Core/Src/shift_register.o
LOAD ./Core/Src/spi.o
LOAD ./Core/Src/stm32l4xx_hal_msp.o
LOAD ./Core/Src/stm32l4xx_it.o
LOAD ./Core/Src/syscalls.o
LOAD ./Core/Src/sysmem.o
LOAD ./Core/Src/system_stm32l4xx.o
LOAD ./Core/Src/test.o
LOAD ./Core/Src/tim.o
LOAD ./Core/Src/traffic_control.o
LOAD ./Core/Src/traffic_control2.o
LOAD ./Core/Src/traffic_ped.o
LOAD ./Core/Src/usart.o
LOAD ./Core/Startup/startup_stm32l476rgtx.o
LOAD ./Drivers/OLED/ssd1306.o
LOAD ./Drivers/OLED/ssd1306_fonts.o
LOAD ./Drivers/STM32L4xx_HAL_Driver/Src/stm32l4xx_hal.o
LOAD ./Drivers/STM32L4xx_HAL_Driver/Src/stm32l4xx_hal_adc.o
LOAD ./Drivers/STM32L4xx_HAL_Driver/Src/stm32l4xx_hal_adc_ex.o
LOAD ./Drivers/STM32L4xx_HAL_Driver/Src/stm32l4xx_hal_cortex.o
LOAD ./Drivers/STM32L4xx_HAL_Driver/Src/stm32l4xx_hal_dma.o
LOAD ./Drivers/STM32L4xx_HAL_Driver/Src/stm32l4xx_hal_dma_ex.o
LOAD ./Drivers/STM32L4xx_HAL_Driver/Src/stm32l4xx_hal_exti.o
LOAD ./Drivers/STM32L4xx_HAL_Driver/Src/stm32l4xx_hal_flash.o
LOAD ./Drivers/STM32L4xx_HAL_Driver/Src/stm32l4xx_hal_flash_ex.o
LOAD ./Drivers/STM32L4xx_HAL_Driver/Src/stm32l4xx_hal_flash_ramfunc.o
LOAD ./Drivers/STM32L4xx_HAL_Driver/Src/stm32l4xx_hal_gpio.o
LOAD ./Drivers/STM32L4xx_HAL_Driver/Src/stm32l4xx_hal_i2c.o
LOAD ./Drivers/STM32L4xx_HAL_Driver/Src/stm32l4xx_hal_i2c_ex.o
LOAD ./Drivers/STM32L4xx_HAL_Driver/Src/stm32l4xx_hal_pwr.o
LOAD ./Drivers/STM32L4xx_HAL_Driver/Src/stm32l4xx_hal_pwr_ex.o
LOAD ./Drivers/STM32L4xx_HAL_Driver/Src/stm32l4xx_hal_rcc.o
LOAD ./Drivers/STM32L4xx_HAL_Driver/Src/stm32l4xx_hal_rcc_ex.o
LOAD ./Drivers/STM32L4xx_HAL_Driver/Src/stm32l4xx_hal_spi.o
LOAD ./Drivers/STM32L4xx_HAL_Driver/Src/stm32l4xx_hal_spi_ex.o
LOAD ./Drivers/STM32L4xx_HAL_Driver/Src/stm32l4xx_hal_tim.o
LOAD ./Drivers/STM32L4xx_HAL_Driver/Src/stm32l4xx_hal_tim_ex.o
LOAD ./Drivers/STM32L4xx_HAL_Driver/Src/stm32l4xx_hal_uart.o
LOAD ./Drivers/STM32L4xx_HAL_Driver/Src/stm32l4xx_hal_uart_ex.o
START GROUP
LOAD /Applications/STM32CubeIDE.app/Contents/Eclipse/plugins/com.st.stm32cube.ide.mcu.externaltools.gnu-tools-for-stm32.13.3.rel1.macos64_1.0.0.202411102158/tools/bin/../lib/gcc/arm-none-eabi/13.3.1/../../../../arm-none-eabi/lib/thumb/v7e-m+fp/hard/libc_nano.a
LOAD /Applications/STM32CubeIDE.app/Contents/Eclipse/plugins/com.st.stm32cube.ide.mcu.externaltools.gnu-tools-for-stm32.13.3.rel1.macos64_1.0.0.202411102158/tools/bin/../lib/gcc/arm-none-eabi/13.3.1/../../../../arm-none-eabi/lib/thumb/v7e-m+fp/hard/libm.a
END GROUP
START GROUP
LOAD /Applications/STM32CubeIDE.app/Contents/Eclipse/plugins/com.st.stm32cube.ide.mcu.externaltools.gnu-tools-for-stm32.13.3.rel1.macos64_1.0.0.202411102158/tools/bin/../lib/gcc/arm-none-eabi/13.3.1/thumb/v7e-m+fp/hard/libgcc.a
LOAD /Applications/STM32CubeIDE.app/Contents/Eclipse/plugins/com.st.stm32cube.ide.mcu.externaltools.gnu-tools-for-stm32.13.3.rel1.macos64_1.0.0.202411102158/tools/bin/../lib/gcc/arm-none-eabi/13.3.1/../../../../arm-none-eabi/lib/thumb/v7e-m+fp/hard/libc_nano.a
END GROUP
START GROUP
LOAD /Applications/STM32CubeIDE.app/Contents/Eclipse/plugins/com.st.stm32cube.ide.mcu.externaltools.gnu-tools-for-stm32.13.3.rel1.macos64_1.0.0.202411102158/tools/bin/../lib/gcc/arm-none-eabi/13.3.1/thumb/v7e-m+fp/hard/libgcc.a
LOAD /Applications/STM32CubeIDE.app/Contents/Eclipse/plugins/com.st.stm32cube.ide.mcu.externaltools.gnu-tools-for-stm32.13.3.rel1.macos64_1.0.0.202411102158/tools/bin/../lib/gcc/arm-none-eabi/13.3.1/../../../../arm-none-eabi/lib/thumb/v7e-m+fp/hard/libc_nano.a
LOAD /Applications/STM32CubeIDE.app/Contents/Eclipse/plugins/com.st.stm32cube.ide.mcu.externaltools.gnu-tools-for-stm32.13.3.rel1.macos64_1.0.0.202411102158/tools/bin/../lib/gcc/arm-none-eabi/13.3.1/../../../../arm-none-eabi/lib/thumb/v7e-m+fp/hard/libnosys.a
END GROUP
START GROUP
LOAD /Applications/STM32CubeIDE.app/Contents/Eclipse/plugins/com.st.stm32cube.ide.mcu.externaltools.gnu-tools-for-stm32.13.3.rel1.macos64_1.0.0.202411102158/tools/bin/../lib/gcc/arm-none-eabi/13.3.1/thumb/v7e-m+fp/hard/libgcc.a
LOAD /Applications/STM32CubeIDE.app/Contents/Eclipse/plugins/com.st.stm32cube.ide.mcu.externaltools.gnu-tools-for-stm32.13.3.rel1.macos64_1.0.0.202411102158/tools/bin/../lib/gcc/arm-none-eabi/13.3.1/../../../../arm-none-eabi/lib/thumb/v7e-m+fp/hard/libc_nano.a
LOAD /Applications/STM32CubeIDE.app/Contents/Eclipse/plugins/com.st.stm32cube.ide.mcu.externaltools.gnu-tools-for-stm32.13.3.rel1.macos64_1.0.0.202411102158/tools/bin/../lib/gcc/arm-none-eabi/13.3.1/../../../../arm-none-eabi/lib/thumb/v7e-m+fp/hard/libnosys.a
END GROUP
LOAD /Applications/STM32CubeIDE.app/Contents/Eclipse/plugins/com.st.stm32cube.ide.mcu.externaltools.gnu-tools-for-stm32.13.3.rel1.macos64_1.0.0.202411102158/tools/bin/../lib/gcc/arm-none-eabi/13.3.1/thumb/v7e-m+fp/hard/crtend.o
LOAD /Applications/STM32CubeIDE.app/Contents/Eclipse/plugins/com.st.stm32cube.ide.mcu.externaltools.gnu-tools-for-stm32.13.3.rel1.macos64_1.0.0.202411102158/tools/bin/../lib/gcc/arm-none-eabi/13.3.1/thumb/v7e-m+fp/hard/crtn.o
                0x20018000                        _estack = (ORIGIN (RAM) + LENGTH (RAM))
                0x00000200                        _Min_Heap_Size = 0x200
                0x00000400                        _Min_Stack_Size = 0x400

.isr_vector     0x08000000      0x188
                0x08000000                        . = ALIGN (0x4)
 *(.isr_vector)
 .isr_vector    0x08000000      0x188 ./Core/Startup/startup_stm32l476rgtx.o
                0x08000000                g_pfnVectors
                0x08000188                        . = ALIGN (0x4)

.text           0x08000188     0x7194
                0x08000188                        . = ALIGN (0x4)
 *(.text)
 .text          0x08000188       0x40 /Applications/STM32CubeIDE.app/Contents/Eclipse/plugins/com.st.stm32cube.ide.mcu.externaltools.gnu-tools-for-stm32.13.3.rel1.macos64_1.0.0.202411102158/tools/bin/../lib/gcc/arm-none-eabi/13.3.1/thumb/v7e-m+fp/hard/crtbegin.o
 .text          0x080001c8       0x30 /Applications/STM32CubeIDE.app/Contents/Eclipse/plugins/com.st.stm32cube.ide.mcu.externaltools.gnu-tools-for-stm32.13.3.rel1.macos64_1.0.0.202411102158/tools/bin/../lib/gcc/arm-none-eabi/13.3.1/thumb/v7e-m+fp/hard/libgcc.a(_aeabi_uldivmod.o)
                0x080001c8                __aeabi_uldivmod
 .text          0x080001f8      0x2f8 /Applications/STM32CubeIDE.app/Contents/Eclipse/plugins/com.st.stm32cube.ide.mcu.externaltools.gnu-tools-for-stm32.13.3.rel1.macos64_1.0.0.202411102158/tools/bin/../lib/gcc/arm-none-eabi/13.3.1/thumb/v7e-m+fp/hard/libgcc.a(_udivmoddi4.o)
                0x080001f8                __udivmoddi4
 .text          0x080004f0        0x4 /Applications/STM32CubeIDE.app/Contents/Eclipse/plugins/com.st.stm32cube.ide.mcu.externaltools.gnu-tools-for-stm32.13.3.rel1.macos64_1.0.0.202411102158/tools/bin/../lib/gcc/arm-none-eabi/13.3.1/thumb/v7e-m+fp/hard/libgcc.a(_dvmd_tls.o)
                0x080004f0                __aeabi_ldiv0
                0x080004f0                __aeabi_idiv0
 *(.text*)
 .text.MX_ADC1_Init
                0x080004f4       0xec ./Core/Src/adc.o
                0x080004f4                MX_ADC1_Init
 .text.HAL_ADC_MspInit
                0x080005e0       0xd4 ./Core/Src/adc.o
                0x080005e0                HAL_ADC_MspInit
 .text.DrawBar  0x080006b4      0x120 ./Core/Src/display.o
 .text.Display_Init
                0x080007d4       0x16 ./Core/Src/display.o
                0x080007d4                Display_Init
 *fill*         0x080007ea        0x2 
 .text.Display_Update
                0x080007ec      0x1d4 ./Core/Src/display.o
                0x080007ec                Display_Update
 .text.MX_GPIO_Init
                0x080009c0      0x1b8 ./Core/Src/gpio.o
                0x080009c0                MX_GPIO_Init
 .text.main     0x08000b78       0x5e ./Core/Src/main.o
                0x08000b78                main
 .text.SystemClock_Config
                0x08000bd6       0xa2 ./Core/Src/main.o
                0x08000bd6                SystemClock_Config
 .text.Error_Handler
                0x08000c78       0x18 ./Core/Src/main.o
                0x08000c78                Error_Handler
 .text.Poti_Init
                0x08000c90       0x1c ./Core/Src/poti.o
                0x08000c90                Poti_Init
 .text.Poti_UpdateBrightness
                0x08000cac       0x60 ./Core/Src/poti.o
                0x08000cac                Poti_UpdateBrightness
 .text.SR_Latch
                0x08000d0c       0x24 ./Core/Src/shift_register.o
 .text.SR_Init  0x08000d30       0x24 ./Core/Src/shift_register.o
                0x08000d30                SR_Init
 .text.SR_Send  0x08000d54       0x28 ./Core/Src/shift_register.o
                0x08000d54                SR_Send
 .text.MX_SPI2_Init
                0x08000d7c       0x7c ./Core/Src/spi.o
                0x08000d7c                MX_SPI2_Init
 .text.MX_SPI3_Init
                0x08000df8       0x7c ./Core/Src/spi.o
                0x08000df8                MX_SPI3_Init
 .text.HAL_SPI_MspInit
                0x08000e74      0x160 ./Core/Src/spi.o
                0x08000e74                HAL_SPI_MspInit
 .text.HAL_MspInit
                0x08000fd4       0x48 ./Core/Src/stm32l4xx_hal_msp.o
                0x08000fd4                HAL_MspInit
 .text.NMI_Handler
                0x0800101c        0x8 ./Core/Src/stm32l4xx_it.o
                0x0800101c                NMI_Handler
 .text.HardFault_Handler
                0x08001024        0x8 ./Core/Src/stm32l4xx_it.o
                0x08001024                HardFault_Handler
 .text.MemManage_Handler
                0x0800102c        0x8 ./Core/Src/stm32l4xx_it.o
                0x0800102c                MemManage_Handler
 .text.BusFault_Handler
                0x08001034        0x8 ./Core/Src/stm32l4xx_it.o
                0x08001034                BusFault_Handler
 .text.UsageFault_Handler
                0x0800103c        0x8 ./Core/Src/stm32l4xx_it.o
                0x0800103c                UsageFault_Handler
 .text.SVC_Handler
                0x08001044        0xe ./Core/Src/stm32l4xx_it.o
                0x08001044                SVC_Handler
 .text.DebugMon_Handler
                0x08001052        0xe ./Core/Src/stm32l4xx_it.o
                0x08001052                DebugMon_Handler
 .text.PendSV_Handler
                0x08001060        0xe ./Core/Src/stm32l4xx_it.o
                0x08001060                PendSV_Handler
 .text.SysTick_Handler
                0x0800106e        0xc ./Core/Src/stm32l4xx_it.o
                0x0800106e                SysTick_Handler
 *fill*         0x0800107a        0x2 
 .text.SystemInit
                0x0800107c       0x24 ./Core/Src/system_stm32l4xx.o
                0x0800107c                SystemInit
 .text.MX_TIM2_Init
                0x080010a0       0xb4 ./Core/Src/tim.o
                0x080010a0                MX_TIM2_Init
 .text.MX_TIM3_Init
                0x08001154       0xb4 ./Core/Src/tim.o
                0x08001154                MX_TIM3_Init
 .text.HAL_TIM_PWM_MspInit
                0x08001208       0x64 ./Core/Src/tim.o
                0x08001208                HAL_TIM_PWM_MspInit
 .text.HAL_TIM_MspPostInit
                0x0800126c       0xb4 ./Core/Src/tim.o
                0x0800126c                HAL_TIM_MspPostInit
 .text.TrafficCtrl_Init
                0x08001320       0x18 ./Core/Src/traffic_control.o
                0x08001320                TrafficCtrl_Init
 .text.TrafficCtrl_Update
                0x08001338      0x118 ./Core/Src/traffic_control.o
                0x08001338                TrafficCtrl_Update
 .text.TrafficCtrl_GetSRData
                0x08001450       0x14 ./Core/Src/traffic_control.o
                0x08001450                TrafficCtrl_GetSRData
 .text.TrafficCtrl_GetRemainingGreenDelay
                0x08001464       0x48 ./Core/Src/traffic_control.o
                0x08001464                TrafficCtrl_GetRemainingGreenDelay
 .text.CarVerticalActive
                0x080014ac       0x3c ./Core/Src/traffic_control2.o
 .text.CarHorizontalActive
                0x080014e8       0x3c ./Core/Src/traffic_control2.o
 .text.TrafficCtrl2_GetRemainingGreenDelay
                0x08001524      0x184 ./Core/Src/traffic_control2.o
                0x08001524                TrafficCtrl2_GetRemainingGreenDelay
 .text.TrafficCtrl2_GetRemainingRedDelay
                0x080016a8       0x98 ./Core/Src/traffic_control2.o
                0x080016a8                TrafficCtrl2_GetRemainingRedDelay
 .text.ButtonPressed
                0x08001740       0x20 ./Core/Src/traffic_ped.o
 .text.TrafficPT_Init
                0x08001760       0x38 ./Core/Src/traffic_ped.o
                0x08001760                TrafficPT_Init
 .text.TrafficPT_RequestCarsRed
                0x08001798       0x18 ./Core/Src/traffic_ped.o
                0x08001798                TrafficPT_RequestCarsRed
 .text.TrafficPT_GetPedLedMask
                0x080017b0       0x18 ./Core/Src/traffic_ped.o
                0x080017b0                TrafficPT_GetPedLedMask
 .text.TrafficPT_GetRemainingPedDelay
                0x080017c8       0x4c ./Core/Src/traffic_ped.o
                0x080017c8                TrafficPT_GetRemainingPedDelay
 .text.TrafficPT_GetRemainingWalkDelay
                0x08001814       0x4c ./Core/Src/traffic_ped.o
                0x08001814                TrafficPT_GetRemainingWalkDelay
 .text.TrafficPT_Update
                0x08001860      0x110 ./Core/Src/traffic_ped.o
                0x08001860                TrafficPT_Update
 .text.MX_USART2_UART_Init
                0x08001970       0x60 ./Core/Src/usart.o
                0x08001970                MX_USART2_UART_Init
 .text.HAL_UART_MspInit
                0x080019d0       0xb8 ./Core/Src/usart.o
                0x080019d0                HAL_UART_MspInit
 .text.Reset_Handler
                0x08001a88       0x50 ./Core/Startup/startup_stm32l476rgtx.o
                0x08001a88                Reset_Handler
 .text.Default_Handler
                0x08001ad8        0x2 ./Core/Startup/startup_stm32l476rgtx.o
                0x08001ad8                TIM1_BRK_TIM15_IRQHandler
                0x08001ad8                EXTI2_IRQHandler
                0x08001ad8                TIM8_TRG_COM_IRQHandler
                0x08001ad8                TIM8_CC_IRQHandler
                0x08001ad8                TIM1_CC_IRQHandler
                0x08001ad8                TSC_IRQHandler
                0x08001ad8                TAMP_STAMP_IRQHandler
                0x08001ad8                EXTI3_IRQHandler
                0x08001ad8                LPTIM2_IRQHandler
                0x08001ad8                DFSDM1_FLT1_IRQHandler
                0x08001ad8                I2C3_ER_IRQHandler
                0x08001ad8                DFSDM1_FLT2_IRQHandler
                0x08001ad8                EXTI0_IRQHandler
                0x08001ad8                I2C2_EV_IRQHandler
                0x08001ad8                CAN1_RX0_IRQHandler
                0x08001ad8                FPU_IRQHandler
                0x08001ad8                TIM1_UP_TIM16_IRQHandler
                0x08001ad8                ADC1_2_IRQHandler
                0x08001ad8                SPI1_IRQHandler
                0x08001ad8                TIM6_DAC_IRQHandler
                0x08001ad8                TIM8_UP_IRQHandler
                0x08001ad8                DMA2_Channel2_IRQHandler
                0x08001ad8                DMA1_Channel4_IRQHandler
                0x08001ad8                SAI2_IRQHandler
                0x08001ad8                DFSDM1_FLT3_IRQHandler
                0x08001ad8                USART3_IRQHandler
                0x08001ad8                DMA1_Channel7_IRQHandler
                0x08001ad8                CAN1_RX1_IRQHandler
                0x08001ad8                LCD_IRQHandler
                0x08001ad8                UART5_IRQHandler
                0x08001ad8                ADC3_IRQHandler
                0x08001ad8                TIM4_IRQHandler
                0x08001ad8                DMA2_Channel1_IRQHandler
                0x08001ad8                QUADSPI_IRQHandler
                0x08001ad8                I2C1_EV_IRQHandler
                0x08001ad8                DMA1_Channel6_IRQHandler
                0x08001ad8                UART4_IRQHandler
                0x08001ad8                DMA2_Channel4_IRQHandler
                0x08001ad8                TIM3_IRQHandler
                0x08001ad8                RCC_IRQHandler
                0x08001ad8                DMA1_Channel1_IRQHandler
                0x08001ad8                Default_Handler
                0x08001ad8                DMA2_Channel7_IRQHandler
                0x08001ad8                EXTI15_10_IRQHandler
                0x08001ad8                TIM7_IRQHandler
                0x08001ad8                SDMMC1_IRQHandler
                0x08001ad8                TIM5_IRQHandler
                0x08001ad8                I2C3_EV_IRQHandler
                0x08001ad8                EXTI9_5_IRQHandler
                0x08001ad8                RTC_WKUP_IRQHandler
                0x08001ad8                PVD_PVM_IRQHandler
                0x08001ad8                SPI2_IRQHandler
                0x08001ad8                CAN1_TX_IRQHandler
                0x08001ad8                DMA2_Channel5_IRQHandler
                0x08001ad8                DMA1_Channel5_IRQHandler
                0x08001ad8                EXTI4_IRQHandler
                0x08001ad8                RNG_IRQHandler
                0x08001ad8                TIM1_TRG_COM_TIM17_IRQHandler
                0x08001ad8                DMA1_Channel3_IRQHandler
                0x08001ad8                COMP_IRQHandler
                0x08001ad8                WWDG_IRQHandler
                0x08001ad8                LPUART1_IRQHandler
                0x08001ad8                DMA2_Channel6_IRQHandler
                0x08001ad8                TIM2_IRQHandler
                0x08001ad8                EXTI1_IRQHandler
                0x08001ad8                USART2_IRQHandler
                0x08001ad8                DFSDM1_FLT0_IRQHandler
                0x08001ad8                I2C2_ER_IRQHandler
                0x08001ad8                DMA1_Channel2_IRQHandler
                0x08001ad8                TIM8_BRK_IRQHandler
                0x08001ad8                CAN1_SCE_IRQHandler
                0x08001ad8                FLASH_IRQHandler
                0x08001ad8                USART1_IRQHandler
                0x08001ad8                OTG_FS_IRQHandler
                0x08001ad8                SPI3_IRQHandler
                0x08001ad8                I2C1_ER_IRQHandler
                0x08001ad8                FMC_IRQHandler
                0x08001ad8                SWPMI1_IRQHandler
                0x08001ad8                LPTIM1_IRQHandler
                0x08001ad8                SAI1_IRQHandler
                0x08001ad8                DMA2_Channel3_IRQHandler
                0x08001ad8                RTC_Alarm_IRQHandler
 *fill*         0x08001ada        0x2 
 .text.ssd1306_Reset
                0x08001adc       0x3c ./Drivers/OLED/ssd1306.o
                0x08001adc                ssd1306_Reset
 .text.ssd1306_WriteCommand
                0x08001b18       0x4c ./Drivers/OLED/ssd1306.o
                0x08001b18                ssd1306_WriteCommand
 .text.ssd1306_WriteData
                0x08001b64       0x50 ./Drivers/OLED/ssd1306.o
                0x08001b64                ssd1306_WriteData
 .text.ssd1306_Init
                0x08001bb4       0xd4 ./Drivers/OLED/ssd1306.o
                0x08001bb4                ssd1306_Init
 .text.ssd1306_Fill
                0x08001c88       0x30 ./Drivers/OLED/ssd1306.o
                0x08001c88                ssd1306_Fill
 .text.ssd1306_UpdateScreen
                0x08001cb8       0x50 ./Drivers/OLED/ssd1306.o
                0x08001cb8                ssd1306_UpdateScreen
 .text.ssd1306_DrawPixel
                0x08001d08       0xa8 ./Drivers/OLED/ssd1306.o
                0x08001d08                ssd1306_DrawPixel
 .text.ssd1306_WriteChar
                0x08001db0      0x124 ./Drivers/OLED/ssd1306.o
                0x08001db0                ssd1306_WriteChar
 .text.ssd1306_WriteString
                0x08001ed4       0x4c ./Drivers/OLED/ssd1306.o
                0x08001ed4                ssd1306_WriteString
 .text.ssd1306_SetCursor
                0x08001f20       0x30 ./Drivers/OLED/ssd1306.o
                0x08001f20                ssd1306_SetCursor
 .text.ssd1306_SetContrast
                0x08001f50       0x26 ./Drivers/OLED/ssd1306.o
                0x08001f50                ssd1306_SetContrast
 *fill*         0x08001f76        0x2 
 .text.ssd1306_SetDisplayOn
                0x08001f78       0x3c ./Drivers/OLED/ssd1306.o
                0x08001f78                ssd1306_SetDisplayOn
 .text.HAL_Init
                0x08001fb4       0x40 ./Drivers/STM32L4xx_HAL_Driver/Src/stm32l4xx_hal.o
                0x08001fb4                HAL_Init
 .text.HAL_InitTick
                0x08001ff4       0x78 ./Drivers/STM32L4xx_HAL_Driver/Src/stm32l4xx_hal.o
                0x08001ff4                HAL_InitTick
 .text.HAL_IncTick
                0x0800206c       0x28 ./Drivers/STM32L4xx_HAL_Driver/Src/stm32l4xx_hal.o
                0x0800206c                HAL_IncTick
 .text.HAL_GetTick
                0x08002094       0x18 ./Drivers/STM32L4xx_HAL_Driver/Src/stm32l4xx_hal.o
                0x08002094                HAL_GetTick
 .text.HAL_Delay
                0x080020ac       0x48 ./Drivers/STM32L4xx_HAL_Driver/Src/stm32l4xx_hal.o
                0x080020ac                HAL_Delay
 .text.LL_ADC_SetCommonClock
                0x080020f4       0x26 ./Drivers/STM32L4xx_HAL_Driver/Src/stm32l4xx_hal_adc.o
 .text.LL_ADC_SetCommonPathInternalCh
                0x0800211a       0x26 ./Drivers/STM32L4xx_HAL_Driver/Src/stm32l4xx_hal_adc.o
 .text.LL_ADC_GetCommonPathInternalCh
                0x08002140       0x1c ./Drivers/STM32L4xx_HAL_Driver/Src/stm32l4xx_hal_adc.o
 .text.LL_ADC_SetOffset
                0x0800215c       0x48 ./Drivers/STM32L4xx_HAL_Driver/Src/stm32l4xx_hal_adc.o
 .text.LL_ADC_GetOffsetChannel
                0x080021a4       0x2c ./Drivers/STM32L4xx_HAL_Driver/Src/stm32l4xx_hal_adc.o
 .text.LL_ADC_SetOffsetState
                0x080021d0       0x36 ./Drivers/STM32L4xx_HAL_Driver/Src/stm32l4xx_hal_adc.o
 .text.LL_ADC_REG_IsTriggerSourceSWStart
                0x08002206       0x26 ./Drivers/STM32L4xx_HAL_Driver/Src/stm32l4xx_hal_adc.o
 .text.LL_ADC_REG_SetSequencerRanks
                0x0800222c       0x58 ./Drivers/STM32L4xx_HAL_Driver/Src/stm32l4xx_hal_adc.o
 .text.LL_ADC_SetChannelSamplingTime
                0x08002284       0x56 ./Drivers/STM32L4xx_HAL_Driver/Src/stm32l4xx_hal_adc.o
 *fill*         0x080022da        0x2 
 .text.LL_ADC_SetChannelSingleDiff
                0x080022dc       0x48 ./Drivers/STM32L4xx_HAL_Driver/Src/stm32l4xx_hal_adc.o
 .text.LL_ADC_GetMultimode
                0x08002324       0x1c ./Drivers/STM32L4xx_HAL_Driver/Src/stm32l4xx_hal_adc.o
 .text.LL_ADC_GetMultiDMATransfer
                0x08002340       0x1c ./Drivers/STM32L4xx_HAL_Driver/Src/stm32l4xx_hal_adc.o
 .text.LL_ADC_DisableDeepPowerDown
                0x0800235c       0x24 ./Drivers/STM32L4xx_HAL_Driver/Src/stm32l4xx_hal_adc.o
 .text.LL_ADC_IsDeepPowerDownEnabled
                0x08002380       0x28 ./Drivers/STM32L4xx_HAL_Driver/Src/stm32l4xx_hal_adc.o
 .text.LL_ADC_EnableInternalRegulator
                0x080023a8       0x28 ./Drivers/STM32L4xx_HAL_Driver/Src/stm32l4xx_hal_adc.o
 .text.LL_ADC_IsInternalRegulatorEnabled
                0x080023d0       0x28 ./Drivers/STM32L4xx_HAL_Driver/Src/stm32l4xx_hal_adc.o
 .text.LL_ADC_Enable
                0x080023f8       0x28 ./Drivers/STM32L4xx_HAL_Driver/Src/stm32l4xx_hal_adc.o
 .text.LL_ADC_Disable
                0x08002420       0x28 ./Drivers/STM32L4xx_HAL_Driver/Src/stm32l4xx_hal_adc.o
 .text.LL_ADC_IsEnabled
                0x08002448       0x26 ./Drivers/STM32L4xx_HAL_Driver/Src/stm32l4xx_hal_adc.o
 .text.LL_ADC_IsDisableOngoing
                0x0800246e       0x26 ./Drivers/STM32L4xx_HAL_Driver/Src/stm32l4xx_hal_adc.o
 .text.LL_ADC_REG_StartConversion
                0x08002494       0x28 ./Drivers/STM32L4xx_HAL_Driver/Src/stm32l4xx_hal_adc.o
 .text.LL_ADC_REG_StopConversion
                0x080024bc       0x28 ./Drivers/STM32L4xx_HAL_Driver/Src/stm32l4xx_hal_adc.o
 .text.LL_ADC_REG_IsConversionOngoing
                0x080024e4       0x26 ./Drivers/STM32L4xx_HAL_Driver/Src/stm32l4xx_hal_adc.o
 .text.LL_ADC_INJ_StopConversion
                0x0800250a       0x28 ./Drivers/STM32L4xx_HAL_Driver/Src/stm32l4xx_hal_adc.o
 .text.LL_ADC_INJ_IsConversionOngoing
                0x08002532       0x26 ./Drivers/STM32L4xx_HAL_Driver/Src/stm32l4xx_hal_adc.o
 .text.HAL_ADC_Init
                0x08002558      0x2a0 ./Drivers/STM32L4xx_HAL_Driver/Src/stm32l4xx_hal_adc.o
                0x08002558                HAL_ADC_Init
 .text.HAL_ADC_Start
                0x080027f8      0x174 ./Drivers/STM32L4xx_HAL_Driver/Src/stm32l4xx_hal_adc.o
                0x080027f8                HAL_ADC_Start
 .text.HAL_ADC_Stop
                0x0800296c       0x66 ./Drivers/STM32L4xx_HAL_Driver/Src/stm32l4xx_hal_adc.o
                0x0800296c                HAL_ADC_Stop
 *fill*         0x080029d2        0x2 
 .text.HAL_ADC_PollForConversion
                0x080029d4      0x1b0 ./Drivers/STM32L4xx_HAL_Driver/Src/stm32l4xx_hal_adc.o
                0x080029d4                HAL_ADC_PollForConversion
 .text.HAL_ADC_GetValue
                0x08002b84       0x1a ./Drivers/STM32L4xx_HAL_Driver/Src/stm32l4xx_hal_adc.o
                0x08002b84                HAL_ADC_GetValue
 *fill*         0x08002b9e        0x2 
 .text.HAL_ADC_ConfigChannel
                0x08002ba0      0x7e4 ./Drivers/STM32L4xx_HAL_Driver/Src/stm32l4xx_hal_adc.o
                0x08002ba0                HAL_ADC_ConfigChannel
 .text.ADC_ConversionStop
                0x08003384      0x178 ./Drivers/STM32L4xx_HAL_Driver/Src/stm32l4xx_hal_adc.o
                0x08003384                ADC_ConversionStop
 .text.ADC_Enable
                0x080034fc      0x10c ./Drivers/STM32L4xx_HAL_Driver/Src/stm32l4xx_hal_adc.o
                0x080034fc                ADC_Enable
 .text.ADC_Disable
                0x08003608       0xbe ./Drivers/STM32L4xx_HAL_Driver/Src/stm32l4xx_hal_adc.o
                0x08003608                ADC_Disable
 .text.LL_ADC_IsEnabled
                0x080036c6       0x26 ./Drivers/STM32L4xx_HAL_Driver/Src/stm32l4xx_hal_adc_ex.o
 .text.LL_ADC_REG_IsConversionOngoing
                0x080036ec       0x26 ./Drivers/STM32L4xx_HAL_Driver/Src/stm32l4xx_hal_adc_ex.o
 *fill*         0x08003712        0x2 
 .text.HAL_ADCEx_MultiModeConfigChannel
                0x08003714      0x160 ./Drivers/STM32L4xx_HAL_Driver/Src/stm32l4xx_hal_adc_ex.o
                0x08003714                HAL_ADCEx_MultiModeConfigChannel
 .text.__NVIC_SetPriorityGrouping
                0x08003874       0x48 ./Drivers/STM32L4xx_HAL_Driver/Src/stm32l4xx_hal_cortex.o
 .text.__NVIC_GetPriorityGrouping
                0x080038bc       0x1c ./Drivers/STM32L4xx_HAL_Driver/Src/stm32l4xx_hal_cortex.o
 .text.__NVIC_SetPriority
                0x080038d8       0x54 ./Drivers/STM32L4xx_HAL_Driver/Src/stm32l4xx_hal_cortex.o
 .text.NVIC_EncodePriority
                0x0800392c       0x66 ./Drivers/STM32L4xx_HAL_Driver/Src/stm32l4xx_hal_cortex.o
 *fill*         0x08003992        0x2 
 .text.SysTick_Config
                0x08003994       0x44 ./Drivers/STM32L4xx_HAL_Driver/Src/stm32l4xx_hal_cortex.o
 .text.HAL_NVIC_SetPriorityGrouping
                0x080039d8       0x16 ./Drivers/STM32L4xx_HAL_Driver/Src/stm32l4xx_hal_cortex.o
                0x080039d8                HAL_NVIC_SetPriorityGrouping
 .text.HAL_NVIC_SetPriority
                0x080039ee       0x38 ./Drivers/STM32L4xx_HAL_Driver/Src/stm32l4xx_hal_cortex.o
                0x080039ee                HAL_NVIC_SetPriority
 .text.HAL_SYSTICK_Config
                0x08003a26       0x18 ./Drivers/STM32L4xx_HAL_Driver/Src/stm32l4xx_hal_cortex.o
                0x08003a26                HAL_SYSTICK_Config
 *fill*         0x08003a3e        0x2 
 .text.HAL_GPIO_Init
                0x08003a40      0x354 ./Drivers/STM32L4xx_HAL_Driver/Src/stm32l4xx_hal_gpio.o
                0x08003a40                HAL_GPIO_Init
 .text.HAL_GPIO_ReadPin
                0x08003d94       0x30 ./Drivers/STM32L4xx_HAL_Driver/Src/stm32l4xx_hal_gpio.o
                0x08003d94                HAL_GPIO_ReadPin
 .text.HAL_GPIO_WritePin
                0x08003dc4       0x30 ./Drivers/STM32L4xx_HAL_Driver/Src/stm32l4xx_hal_gpio.o
                0x08003dc4                HAL_GPIO_WritePin
 .text.HAL_PWREx_GetVoltageRange
                0x08003df4       0x1c ./Drivers/STM32L4xx_HAL_Driver/Src/stm32l4xx_hal_pwr_ex.o
                0x08003df4                HAL_PWREx_GetVoltageRange
 .text.HAL_PWREx_ControlVoltageScaling
                0x08003e10       0xac ./Drivers/STM32L4xx_HAL_Driver/Src/stm32l4xx_hal_pwr_ex.o
                0x08003e10                HAL_PWREx_ControlVoltageScaling
 .text.HAL_RCC_OscConfig
                0x08003ebc      0x7b8 ./Drivers/STM32L4xx_HAL_Driver/Src/stm32l4xx_hal_rcc.o
                0x08003ebc                HAL_RCC_OscConfig
 .text.HAL_RCC_ClockConfig
                0x08004674      0x200 ./Drivers/STM32L4xx_HAL_Driver/Src/stm32l4xx_hal_rcc.o
                0x08004674                HAL_RCC_ClockConfig
 .text.HAL_RCC_GetSysClockFreq
                0x08004874      0x118 ./Drivers/STM32L4xx_HAL_Driver/Src/stm32l4xx_hal_rcc.o
                0x08004874                HAL_RCC_GetSysClockFreq
 .text.HAL_RCC_GetHCLKFreq
                0x0800498c       0x18 ./Drivers/STM32L4xx_HAL_Driver/Src/stm32l4xx_hal_rcc.o
                0x0800498c                HAL_RCC_GetHCLKFreq
 .text.HAL_RCC_GetPCLK1Freq
                0x080049a4       0x2c ./Drivers/STM32L4xx_HAL_Driver/Src/stm32l4xx_hal_rcc.o
                0x080049a4                HAL_RCC_GetPCLK1Freq
 .text.HAL_RCC_GetPCLK2Freq
                0x080049d0       0x2c ./Drivers/STM32L4xx_HAL_Driver/Src/stm32l4xx_hal_rcc.o
                0x080049d0                HAL_RCC_GetPCLK2Freq
 .text.RCC_SetFlashLatencyFromMSIRange
                0x080049fc       0xc0 ./Drivers/STM32L4xx_HAL_Driver/Src/stm32l4xx_hal_rcc.o
 .text.HAL_RCCEx_PeriphCLKConfig
                0x08004abc      0x5d4 ./Drivers/STM32L4xx_HAL_Driver/Src/stm32l4xx_hal_rcc_ex.o
                0x08004abc                HAL_RCCEx_PeriphCLKConfig
 .text.RCCEx_PLLSAI1_Config
                0x08005090      0x1e8 ./Drivers/STM32L4xx_HAL_Driver/Src/stm32l4xx_hal_rcc_ex.o
 .text.RCCEx_PLLSAI2_Config
                0x08005278      0x1bc ./Drivers/STM32L4xx_HAL_Driver/Src/stm32l4xx_hal_rcc_ex.o
 .text.HAL_SPI_Init
                0x08005434      0x146 ./Drivers/STM32L4xx_HAL_Driver/Src/stm32l4xx_hal_spi.o
                0x08005434                HAL_SPI_Init
 .text.HAL_SPI_Transmit
                0x0800557a      0x2ec ./Drivers/STM32L4xx_HAL_Driver/Src/stm32l4xx_hal_spi.o
                0x0800557a                HAL_SPI_Transmit
 *fill*         0x08005866        0x2 
 .text.SPI_WaitFlagStateUntilTimeout
                0x08005868      0x110 ./Drivers/STM32L4xx_HAL_Driver/Src/stm32l4xx_hal_spi.o
 .text.SPI_WaitFifoStateUntilTimeout
                0x08005978      0x12c ./Drivers/STM32L4xx_HAL_Driver/Src/stm32l4xx_hal_spi.o
 .text.SPI_EndRxTxTransaction
                0x08005aa4       0x8c ./Drivers/STM32L4xx_HAL_Driver/Src/stm32l4xx_hal_spi.o
 .text.HAL_TIM_PWM_Init
                0x08005b30       0xae ./Drivers/STM32L4xx_HAL_Driver/Src/stm32l4xx_hal_tim.o
                0x08005b30                HAL_TIM_PWM_Init
 *fill*         0x08005bde        0x2 
 .text.HAL_TIM_PWM_Start
                0x08005be0      0x20c ./Drivers/STM32L4xx_HAL_Driver/Src/stm32l4xx_hal_tim.o
                0x08005be0                HAL_TIM_PWM_Start
 .text.HAL_TIM_PWM_ConfigChannel
                0x08005dec      0x228 ./Drivers/STM32L4xx_HAL_Driver/Src/stm32l4xx_hal_tim.o
                0x08005dec                HAL_TIM_PWM_ConfigChannel
 .text.TIM_Base_SetConfig
                0x08006014      0x140 ./Drivers/STM32L4xx_HAL_Driver/Src/stm32l4xx_hal_tim.o
                0x08006014                TIM_Base_SetConfig
 .text.TIM_OC1_SetConfig
                0x08006154      0x124 ./Drivers/STM32L4xx_HAL_Driver/Src/stm32l4xx_hal_tim.o
 .text.TIM_OC2_SetConfig
                0x08006278      0x118 ./Drivers/STM32L4xx_HAL_Driver/Src/stm32l4xx_hal_tim.o
                0x08006278                TIM_OC2_SetConfig
 .text.TIM_OC3_SetConfig
                0x08006390      0x114 ./Drivers/STM32L4xx_HAL_Driver/Src/stm32l4xx_hal_tim.o
 .text.TIM_OC4_SetConfig
                0x080064a4       0xd4 ./Drivers/STM32L4xx_HAL_Driver/Src/stm32l4xx_hal_tim.o
 .text.TIM_OC5_SetConfig
                0x08006578       0xc8 ./Drivers/STM32L4xx_HAL_Driver/Src/stm32l4xx_hal_tim.o
 .text.TIM_OC6_SetConfig
                0x08006640       0xcc ./Drivers/STM32L4xx_HAL_Driver/Src/stm32l4xx_hal_tim.o
 .text.TIM_CCxChannelCmd
                0x0800670c       0x4a ./Drivers/STM32L4xx_HAL_Driver/Src/stm32l4xx_hal_tim.o
                0x0800670c                TIM_CCxChannelCmd
 *fill*         0x08006756        0x2 
 .text.HAL_TIMEx_MasterConfigSynchronization
                0x08006758      0x110 ./Drivers/STM32L4xx_HAL_Driver/Src/stm32l4xx_hal_tim_ex.o
                0x08006758                HAL_TIMEx_MasterConfigSynchronization
 .text.HAL_UART_Init
                0x08006868       0x9c ./Drivers/STM32L4xx_HAL_Driver/Src/stm32l4xx_hal_uart.o
                0x08006868                HAL_UART_Init
 .text.UART_SetConfig
                0x08006904      0x570 ./Drivers/STM32L4xx_HAL_Driver/Src/stm32l4xx_hal_uart.o
                0x08006904                UART_SetConfig
 .text.UART_AdvFeatureConfig
                0x08006e74      0x144 ./Drivers/STM32L4xx_HAL_Driver/Src/stm32l4xx_hal_uart.o
                0x08006e74                UART_AdvFeatureConfig
 .text.UART_CheckIdleState
                0x08006fb8      0x150 ./Drivers/STM32L4xx_HAL_Driver/Src/stm32l4xx_hal_uart.o
                0x08006fb8                UART_CheckIdleState
 .text.UART_WaitOnFlagUntilTimeout
                0x08007108       0xda ./Drivers/STM32L4xx_HAL_Driver/Src/stm32l4xx_hal_uart.o
                0x08007108                UART_WaitOnFlagUntilTimeout
 .text.UART_EndRxTransfer
                0x080071e2       0xc8 ./Drivers/STM32L4xx_HAL_Driver/Src/stm32l4xx_hal_uart.o
 .text.memset   0x080072aa       0x10 /Applications/STM32CubeIDE.app/Contents/Eclipse/plugins/com.st.stm32cube.ide.mcu.externaltools.gnu-tools-for-stm32.13.3.rel1.macos64_1.0.0.202411102158/tools/bin/../lib/gcc/arm-none-eabi/13.3.1/../../../../arm-none-eabi/lib/thumb/v7e-m+fp/hard/libc_nano.a(libc_a-memset.o)
                0x080072aa                memset
 *fill*         0x080072ba        0x2 
 .text.__libc_init_array
                0x080072bc       0x48 /Applications/STM32CubeIDE.app/Contents/Eclipse/plugins/com.st.stm32cube.ide.mcu.externaltools.gnu-tools-for-stm32.13.3.rel1.macos64_1.0.0.202411102158/tools/bin/../lib/gcc/arm-none-eabi/13.3.1/../../../../arm-none-eabi/lib/thumb/v7e-m+fp/hard/libc_nano.a(libc_a-init.o)
                0x080072bc                __libc_init_array
 *(.glue_7)
 .glue_7        0x08007304        0x0 linker stubs
 *(.glue_7t)
 .glue_7t       0x08007304        0x0 linker stubs
 *(.eh_frame)
 .eh_frame      0x08007304        0x0 /Applications/STM32CubeIDE.app/Contents/Eclipse/plugins/com.st.stm32cube.ide.mcu.externaltools.gnu-tools-for-stm32.13.3.rel1.macos64_1.0.0.202411102158/tools/bin/../lib/gcc/arm-none-eabi/13.3.1/thumb/v7e-m+fp/hard/crtbegin.o
 *(.init)
 .init          0x08007304        0x4 /Applications/STM32CubeIDE.app/Contents/Eclipse/plugins/com.st.stm32cube.ide.mcu.externaltools.gnu-tools-for-stm32.13.3.rel1.macos64_1.0.0.202411102158/tools/bin/../lib/gcc/arm-none-eabi/13.3.1/thumb/v7e-m+fp/hard/crti.o
                0x08007304                _init
 .init          0x08007308        0x8 /Applications/STM32CubeIDE.app/Contents/Eclipse/plugins/com.st.stm32cube.ide.mcu.externaltools.gnu-tools-for-stm32.13.3.rel1.macos64_1.0.0.202411102158/tools/bin/../lib/gcc/arm-none-eabi/13.3.1/thumb/v7e-m+fp/hard/crtn.o
 *(.fini)
 .fini          0x08007310        0x4 /Applications/STM32CubeIDE.app/Contents/Eclipse/plugins/com.st.stm32cube.ide.mcu.externaltools.gnu-tools-for-stm32.13.3.rel1.macos64_1.0.0.202411102158/tools/bin/../lib/gcc/arm-none-eabi/13.3.1/thumb/v7e-m+fp/hard/crti.o
                0x08007310                _fini
 .fini          0x08007314        0x8 /Applications/STM32CubeIDE.app/Contents/Eclipse/plugins/com.st.stm32cube.ide.mcu.externaltools.gnu-tools-for-stm32.13.3.rel1.macos64_1.0.0.202411102158/tools/bin/../lib/gcc/arm-none-eabi/13.3.1/thumb/v7e-m+fp/hard/crtn.o
                0x0800731c                        . = ALIGN (0x4)
                0x0800731c                        _etext = .

.vfp11_veneer   0x0800731c        0x0
 .vfp11_veneer  0x0800731c        0x0 linker stubs

.v4_bx          0x0800731c        0x0
 .v4_bx         0x0800731c        0x0 linker stubs

.iplt           0x0800731c        0x0
 .iplt          0x0800731c        0x0 /Applications/STM32CubeIDE.app/Contents/Eclipse/plugins/com.st.stm32cube.ide.mcu.externaltools.gnu-tools-for-stm32.13.3.rel1.macos64_1.0.0.202411102158/tools/bin/../lib/gcc/arm-none-eabi/13.3.1/thumb/v7e-m+fp/hard/crtbegin.o

.rodata         0x0800731c      0x66c
                0x0800731c                        . = ALIGN (0x4)
 *(.rodata)
 .rodata        0x0800731c       0x1f ./Core/Src/display.o
 *(.rodata*)
 *fill*         0x0800733b        0x1 
 .rodata.barPositions
                0x0800733c        0x8 ./Core/Src/display.o
 .rodata.AHBPrescTable
                0x08007344       0x10 ./Core/Src/system_stm32l4xx.o
                0x08007344                AHBPrescTable
 .rodata.APBPrescTable
                0x08007354        0x8 ./Core/Src/system_stm32l4xx.o
                0x08007354                APBPrescTable
 .rodata.MSIRangeTable
                0x0800735c       0x30 ./Core/Src/system_stm32l4xx.o
                0x0800735c                MSIRangeTable
 .rodata.Font6x8
                0x0800738c      0x5f0 ./Drivers/OLED/ssd1306_fonts.o
 .rodata.Font_6x8
                0x0800797c        0xc ./Drivers/OLED/ssd1306_fonts.o
                0x0800797c                Font_6x8
                0x08007988                        . = ALIGN (0x4)

.ARM.extab      0x08007988        0x0
                0x08007988                        . = ALIGN (0x4)
 *(.ARM.extab* .gnu.linkonce.armextab.*)
                0x08007988                        . = ALIGN (0x4)

.ARM            0x08007988        0x8
                0x08007988                        . = ALIGN (0x4)
                0x08007988                        __exidx_start = .
 *(.ARM.exidx*)
 .ARM.exidx     0x08007988        0x8 /Applications/STM32CubeIDE.app/Contents/Eclipse/plugins/com.st.stm32cube.ide.mcu.externaltools.gnu-tools-for-stm32.13.3.rel1.macos64_1.0.0.202411102158/tools/bin/../lib/gcc/arm-none-eabi/13.3.1/thumb/v7e-m+fp/hard/libgcc.a(_udivmoddi4.o)
                0x08007990                        __exidx_end = .
                0x08007990                        . = ALIGN (0x4)

.preinit_array  0x08007990        0x0
                0x08007990                        . = ALIGN (0x4)
                0x08007990                        PROVIDE (__preinit_array_start = .)
 *(.preinit_array*)
                0x08007990                        PROVIDE (__preinit_array_end = .)
                0x08007990                        . = ALIGN (0x4)

.init_array     0x08007990        0x4
                0x08007990                        . = ALIGN (0x4)
                0x08007990                        PROVIDE (__init_array_start = .)
 *(SORT_BY_NAME(.init_array.*))
 *(.init_array*)
 .init_array    0x08007990        0x4 /Applications/STM32CubeIDE.app/Contents/Eclipse/plugins/com.st.stm32cube.ide.mcu.externaltools.gnu-tools-for-stm32.13.3.rel1.macos64_1.0.0.202411102158/tools/bin/../lib/gcc/arm-none-eabi/13.3.1/thumb/v7e-m+fp/hard/crtbegin.o
                0x08007994                        PROVIDE (__init_array_end = .)
                0x08007994                        . = ALIGN (0x4)

.fini_array     0x08007994        0x4
                0x08007994                        . = ALIGN (0x4)
                [!provide]                        PROVIDE (__fini_array_start = .)
 *(SORT_BY_NAME(.fini_array.*))
 *(.fini_array*)
 .fini_array    0x08007994        0x4 /Applications/STM32CubeIDE.app/Contents/Eclipse/plugins/com.st.stm32cube.ide.mcu.externaltools.gnu-tools-for-stm32.13.3.rel1.macos64_1.0.0.202411102158/tools/bin/../lib/gcc/arm-none-eabi/13.3.1/thumb/v7e-m+fp/hard/crtbegin.o
                [!provide]                        PROVIDE (__fini_array_end = .)
                0x08007998                        . = ALIGN (0x4)
                0x08007998                        _sidata = LOADADDR (.data)

.rel.dyn        0x08007998        0x0
 .rel.iplt      0x08007998        0x0 /Applications/STM32CubeIDE.app/Contents/Eclipse/plugins/com.st.stm32cube.ide.mcu.externaltools.gnu-tools-for-stm32.13.3.rel1.macos64_1.0.0.202411102158/tools/bin/../lib/gcc/arm-none-eabi/13.3.1/thumb/v7e-m+fp/hard/crtbegin.o

.data           0x20000000       0x20 load address 0x08007998
                0x20000000                        . = ALIGN (0x4)
                0x20000000                        _sdata = .
 *(.data)
 *(.data*)
 .data.SystemCoreClock
                0x20000000        0x4 ./Core/Src/system_stm32l4xx.o
                0x20000000                SystemCoreClock
 .data.greenDelay
                0x20000004        0x4 ./Core/Src/traffic_control2.o
 .data.redDelayMax
                0x20000008        0x4 ./Core/Src/traffic_control2.o
 .data.toggleFreq
                0x2000000c        0x4 ./Core/Src/traffic_ped.o
                0x2000000c                toggleFreq
 .data.pedestrianDelay
                0x20000010        0x4 ./Core/Src/traffic_ped.o
                0x20000010                pedestrianDelay
 .data.walkingDelay
                0x20000014        0x4 ./Core/Src/traffic_ped.o
                0x20000014                walkingDelay
 .data.uwTickPrio
                0x20000018        0x4 ./Drivers/STM32L4xx_HAL_Driver/Src/stm32l4xx_hal.o
                0x20000018                uwTickPrio
 .data.uwTickFreq
                0x2000001c        0x1 ./Drivers/STM32L4xx_HAL_Driver/Src/stm32l4xx_hal.o
                0x2000001c                uwTickFreq
 *(.RamFunc)
 *(.RamFunc*)
                0x20000020                        . = ALIGN (0x4)
 *fill*         0x2000001d        0x3 
                0x20000020                        _edata = .

.igot.plt       0x20000020        0x0 load address 0x080079b8
 .igot.plt      0x20000020        0x0 /Applications/STM32CubeIDE.app/Contents/Eclipse/plugins/com.st.stm32cube.ide.mcu.externaltools.gnu-tools-for-stm32.13.3.rel1.macos64_1.0.0.202411102158/tools/bin/../lib/gcc/arm-none-eabi/13.3.1/thumb/v7e-m+fp/hard/crtbegin.o
                0x20000020                        . = ALIGN (0x4)

.bss            0x20000020      0x6a0 load address 0x080079b8
                0x20000020                        _sbss = .
                0x20000020                        __bss_start__ = _sbss
 *(.bss)
 .bss           0x20000020       0x1c /Applications/STM32CubeIDE.app/Contents/Eclipse/plugins/com.st.stm32cube.ide.mcu.externaltools.gnu-tools-for-stm32.13.3.rel1.macos64_1.0.0.202411102158/tools/bin/../lib/gcc/arm-none-eabi/13.3.1/thumb/v7e-m+fp/hard/crtbegin.o
 *(.bss*)
 .bss.hadc1     0x2000003c       0x64 ./Core/Src/adc.o
                0x2000003c                hadc1
 .bss.hspi2     0x200000a0       0x64 ./Core/Src/spi.o
                0x200000a0                hspi2
 .bss.hspi3     0x20000104       0x64 ./Core/Src/spi.o
                0x20000104                hspi3
 .bss.htim2     0x20000168       0x4c ./Core/Src/tim.o
                0x20000168                htim2
 .bss.htim3     0x200001b4       0x4c ./Core/Src/tim.o
                0x200001b4                htim3
 .bss.carState  0x20000200        0x1 ./Core/Src/traffic_control.o
 *fill*         0x20000201        0x3 
 .bss.carTimer  0x20000204        0x4 ./Core/Src/traffic_control.o
 .bss.srData    0x20000208        0x3 ./Core/Src/traffic_control.o
 .bss.state     0x2000020b        0x1 ./Core/Src/traffic_control2.o
 .bss.stateTimer
                0x2000020c        0x4 ./Core/Src/traffic_control2.o
 .bss.redTimerRunning
                0x20000210        0x1 ./Core/Src/traffic_control2.o
 *fill*         0x20000211        0x3 
 .bss.redRequestTime
                0x20000214        0x4 ./Core/Src/traffic_control2.o
 .bss.state     0x20000218        0x1 ./Core/Src/traffic_ped.o
 *fill*         0x20000219        0x3 
 .bss.buttonTime
                0x2000021c        0x4 ./Core/Src/traffic_ped.o
 .bss.lastToggleTime
                0x20000220        0x4 ./Core/Src/traffic_ped.o
 .bss.greenStartTime
                0x20000224        0x4 ./Core/Src/traffic_ped.o
 .bss.requestCarsRed
                0x20000228        0x1 ./Core/Src/traffic_ped.o
 .bss.pedGreen  0x20000229        0x1 ./Core/Src/traffic_ped.o
 .bss.pedLedMask
                0x2000022a        0x1 ./Core/Src/traffic_ped.o
 *fill*         0x2000022b        0x1 
 .bss.huart2    0x2000022c       0x88 ./Core/Src/usart.o
                0x2000022c                huart2
 .bss.SSD1306_Buffer
                0x200002b4      0x400 ./Drivers/OLED/ssd1306.o
 .bss.SSD1306   0x200006b4        0x6 ./Drivers/OLED/ssd1306.o
 *fill*         0x200006ba        0x2 
 .bss.uwTick    0x200006bc        0x4 ./Drivers/STM32L4xx_HAL_Driver/Src/stm32l4xx_hal.o
                0x200006bc                uwTick
 *(COMMON)
                0x200006c0                        . = ALIGN (0x4)
                0x200006c0                        _ebss = .
                0x200006c0                        __bss_end__ = _ebss

._user_heap_stack
                0x200006c0      0x600 load address 0x080079b8
                0x200006c0                        . = ALIGN (0x8)
                [!provide]                        PROVIDE (end = .)
                0x200006c0                        PROVIDE (_end = .)
                0x200008c0                        . = (. + _Min_Heap_Size)
 *fill*         0x200006c0      0x200 
                0x20000cc0                        . = (. + _Min_Stack_Size)
 *fill*         0x200008c0      0x400 
                0x20000cc0                        . = ALIGN (0x8)

/DISCARD/
 libc.a(*)
 libm.a(*)
 libgcc.a(*)

.ARM.attributes
                0x00000000       0x30
 *(.ARM.attributes)
 .ARM.attributes
                0x00000000       0x22 /Applications/STM32CubeIDE.app/Contents/Eclipse/plugins/com.st.stm32cube.ide.mcu.externaltools.gnu-tools-for-stm32.13.3.rel1.macos64_1.0.0.202411102158/tools/bin/../lib/gcc/arm-none-eabi/13.3.1/thumb/v7e-m+fp/hard/crti.o
 .ARM.attributes
                0x00000022       0x34 /Applications/STM32CubeIDE.app/Contents/Eclipse/plugins/com.st.stm32cube.ide.mcu.externaltools.gnu-tools-for-stm32.13.3.rel1.macos64_1.0.0.202411102158/tools/bin/../lib/gcc/arm-none-eabi/13.3.1/thumb/v7e-m+fp/hard/crtbegin.o
 .ARM.attributes
                0x00000056       0x34 ./Core/Src/adc.o
 .ARM.attributes
                0x0000008a       0x34 ./Core/Src/display.o
 .ARM.attributes
                0x000000be       0x34 ./Core/Src/gpio.o
 .ARM.attributes
                0x000000f2       0x34 ./Core/Src/main.o
 .ARM.attributes
                0x00000126       0x34 ./Core/Src/poti.o
 .ARM.attributes
                0x0000015a       0x34 ./Core/Src/shift_register.o
 .ARM.attributes
                0x0000018e       0x34 ./Core/Src/spi.o
 .ARM.attributes
                0x000001c2       0x34 ./Core/Src/stm32l4xx_hal_msp.o
 .ARM.attributes
                0x000001f6       0x34 ./Core/Src/stm32l4xx_it.o
 .ARM.attributes
                0x0000022a       0x34 ./Core/Src/system_stm32l4xx.o
 .ARM.attributes
                0x0000025e       0x34 ./Core/Src/tim.o
 .ARM.attributes
                0x00000292       0x34 ./Core/Src/traffic_control.o
 .ARM.attributes
                0x000002c6       0x34 ./Core/Src/traffic_control2.o
 .ARM.attributes
                0x000002fa       0x34 ./Core/Src/traffic_ped.o
 .ARM.attributes
                0x0000032e       0x34 ./Core/Src/usart.o
 .ARM.attributes
                0x00000362       0x21 ./Core/Startup/startup_stm32l476rgtx.o
 .ARM.attributes
                0x00000383       0x34 ./Drivers/OLED/ssd1306.o
 .ARM.attributes
                0x000003b7       0x34 ./Drivers/OLED/ssd1306_fonts.o
 .ARM.attributes
                0x000003eb       0x34 ./Drivers/STM32L4xx_HAL_Driver/Src/stm32l4xx_hal.o
 .ARM.attributes
                0x0000041f       0x34 ./Drivers/STM32L4xx_HAL_Driver/Src/stm32l4xx_hal_adc.o
 .ARM.attributes
                0x00000453       0x34 ./Drivers/STM32L4xx_HAL_Driver/Src/stm32l4xx_hal_adc_ex.o
 .ARM.attributes
                0x00000487       0x34 ./Drivers/STM32L4xx_HAL_Driver/Src/stm32l4xx_hal_cortex.o
 .ARM.attributes
                0x000004bb       0x34 ./Drivers/STM32L4xx_HAL_Driver/Src/stm32l4xx_hal_gpio.o
 .ARM.attributes
                0x000004ef       0x34 ./Drivers/STM32L4xx_HAL_Driver/Src/stm32l4xx_hal_pwr_ex.o
 .ARM.attributes
                0x00000523       0x34 ./Drivers/STM32L4xx_HAL_Driver/Src/stm32l4xx_hal_rcc.o
 .ARM.attributes
                0x00000557       0x34 ./Drivers/STM32L4xx_HAL_Driver/Src/stm32l4xx_hal_rcc_ex.o
 .ARM.attributes
                0x0000058b       0x34 ./Drivers/STM32L4xx_HAL_Driver/Src/stm32l4xx_hal_spi.o
 .ARM.attributes
                0x000005bf       0x34 ./Drivers/STM32L4xx_HAL_Driver/Src/stm32l4xx_hal_tim.o
 .ARM.attributes
                0x000005f3       0x34 ./Drivers/STM32L4xx_HAL_Driver/Src/stm32l4xx_hal_tim_ex.o
 .ARM.attributes
                0x00000627       0x34 ./Drivers/STM32L4xx_HAL_Driver/Src/stm32l4xx_hal_uart.o
 .ARM.attributes
                0x0000065b       0x34 /Applications/STM32CubeIDE.app/Contents/Eclipse/plugins/com.st.stm32cube.ide.mcu.externaltools.gnu-tools-for-stm32.13.3.rel1.macos64_1.0.0.202411102158/tools/bin/../lib/gcc/arm-none-eabi/13.3.1/../../../../arm-none-eabi/lib/thumb/v7e-m+fp/hard/libc_nano.a(libc_a-memset.o)
 .ARM.attributes
                0x0000068f       0x34 /Applications/STM32CubeIDE.app/Contents/Eclipse/plugins/com.st.stm32cube.ide.mcu.externaltools.gnu-tools-for-stm32.13.3.rel1.macos64_1.0.0.202411102158/tools/bin/../lib/gcc/arm-none-eabi/13.3.1/../../../../arm-none-eabi/lib/thumb/v7e-m+fp/hard/libc_nano.a(libc_a-init.o)
 .ARM.attributes
                0x000006c3       0x22 /Applications/STM32CubeIDE.app/Contents/Eclipse/plugins/com.st.stm32cube.ide.mcu.externaltools.gnu-tools-for-stm32.13.3.rel1.macos64_1.0.0.202411102158/tools/bin/../lib/gcc/arm-none-eabi/13.3.1/thumb/v7e-m+fp/hard/libgcc.a(_aeabi_uldivmod.o)
 .ARM.attributes
                0x000006e5       0x34 /Applications/STM32CubeIDE.app/Contents/Eclipse/plugins/com.st.stm32cube.ide.mcu.externaltools.gnu-tools-for-stm32.13.3.rel1.macos64_1.0.0.202411102158/tools/bin/../lib/gcc/arm-none-eabi/13.3.1/thumb/v7e-m+fp/hard/libgcc.a(_udivmoddi4.o)
 .ARM.attributes
                0x00000719       0x22 /Applications/STM32CubeIDE.app/Contents/Eclipse/plugins/com.st.stm32cube.ide.mcu.externaltools.gnu-tools-for-stm32.13.3.rel1.macos64_1.0.0.202411102158/tools/bin/../lib/gcc/arm-none-eabi/13.3.1/thumb/v7e-m+fp/hard/libgcc.a(_dvmd_tls.o)
 .ARM.attributes
                0x0000073b       0x22 /Applications/STM32CubeIDE.app/Contents/Eclipse/plugins/com.st.stm32cube.ide.mcu.externaltools.gnu-tools-for-stm32.13.3.rel1.macos64_1.0.0.202411102158/tools/bin/../lib/gcc/arm-none-eabi/13.3.1/thumb/v7e-m+fp/hard/crtn.o
OUTPUT(PRO1_Navneet_Kaur.elf elf32-littlearm)
LOAD linker stubs
LOAD /Applications/STM32CubeIDE.app/Contents/Eclipse/plugins/com.st.stm32cube.ide.mcu.externaltools.gnu-tools-for-stm32.13.3.rel1.macos64_1.0.0.202411102158/tools/bin/../lib/gcc/arm-none-eabi/13.3.1/../../../../arm-none-eabi/lib/thumb/v7e-m+fp/hard/libc.a
LOAD /Applications/STM32CubeIDE.app/Contents/Eclipse/plugins/com.st.stm32cube.ide.mcu.externaltools.gnu-tools-for-stm32.13.3.rel1.macos64_1.0.0.202411102158/tools/bin/../lib/gcc/arm-none-eabi/13.3.1/../../../../arm-none-eabi/lib/thumb/v7e-m+fp/hard/libm.a
LOAD /Applications/STM32CubeIDE.app/Contents/Eclipse/plugins/com.st.stm32cube.ide.mcu.externaltools.gnu-tools-for-stm32.13.3.rel1.macos64_1.0.0.202411102158/tools/bin/../lib/gcc/arm-none-eabi/13.3.1/thumb/v7e-m+fp/hard/libgcc.a

.debug_info     0x00000000    0x18f66
 .debug_info    0x00000000      0xefa ./Core/Src/adc.o
 .debug_info    0x00000efa      0x41d ./Core/Src/display.o
 .debug_info    0x00001317      0x4bc ./Core/Src/gpio.o
 .debug_info    0x000017d3      0x3ad ./Core/Src/main.o
 .debug_info    0x00001b80      0xba0 ./Core/Src/poti.o
 .debug_info    0x00002720      0x739 ./Core/Src/shift_register.o
 .debug_info    0x00002e59      0xa46 ./Core/Src/spi.o
 .debug_info    0x0000389f      0x301 ./Core/Src/stm32l4xx_hal_msp.o
 .debug_info    0x00003ba0      0x157 ./Core/Src/stm32l4xx_it.o
 .debug_info    0x00003cf7      0x5e2 ./Core/Src/system_stm32l4xx.o
 .debug_info    0x000042d9      0xcb5 ./Core/Src/tim.o
 .debug_info    0x00004f8e      0x23c ./Core/Src/traffic_control.o
 .debug_info    0x000051ca      0x4a8 ./Core/Src/traffic_control2.o
 .debug_info    0x00005672      0x3b1 ./Core/Src/traffic_ped.o
 .debug_info    0x00005a23      0xd0d ./Core/Src/usart.o
 .debug_info    0x00006730       0x30 ./Core/Startup/startup_stm32l476rgtx.o
 .debug_info    0x00006760     0x133e ./Drivers/OLED/ssd1306.o
 .debug_info    0x00007a9e      0x2d1 ./Drivers/OLED/ssd1306_fonts.o
 .debug_info    0x00007d6f      0xc4d ./Drivers/STM32L4xx_HAL_Driver/Src/stm32l4xx_hal.o
 .debug_info    0x000089bc     0x1de4 ./Drivers/STM32L4xx_HAL_Driver/Src/stm32l4xx_hal_adc.o
 .debug_info    0x0000a7a0     0x1b55 ./Drivers/STM32L4xx_HAL_Driver/Src/stm32l4xx_hal_adc_ex.o
 .debug_info    0x0000c2f5      0xdad ./Drivers/STM32L4xx_HAL_Driver/Src/stm32l4xx_hal_cortex.o
 .debug_info    0x0000d0a2      0x79f ./Drivers/STM32L4xx_HAL_Driver/Src/stm32l4xx_hal_gpio.o
 .debug_info    0x0000d841      0x9ca ./Drivers/STM32L4xx_HAL_Driver/Src/stm32l4xx_hal_pwr_ex.o
 .debug_info    0x0000e20b      0xc45 ./Drivers/STM32L4xx_HAL_Driver/Src/stm32l4xx_hal_rcc.o
 .debug_info    0x0000ee50      0xe58 ./Drivers/STM32L4xx_HAL_Driver/Src/stm32l4xx_hal_rcc_ex.o
 .debug_info    0x0000fca8     0x1572 ./Drivers/STM32L4xx_HAL_Driver/Src/stm32l4xx_hal_spi.o
 .debug_info    0x0001121a     0x2ade ./Drivers/STM32L4xx_HAL_Driver/Src/stm32l4xx_hal_tim.o
 .debug_info    0x00013cf8     0x16e0 ./Drivers/STM32L4xx_HAL_Driver/Src/stm32l4xx_hal_tim_ex.o
 .debug_info    0x000153d8     0x3b8e ./Drivers/STM32L4xx_HAL_Driver/Src/stm32l4xx_hal_uart.o

.debug_abbrev   0x00000000     0x3af4
 .debug_abbrev  0x00000000      0x1f1 ./Core/Src/adc.o
 .debug_abbrev  0x000001f1      0x1a3 ./Core/Src/display.o
 .debug_abbrev  0x00000394      0x158 ./Core/Src/gpio.o
 .debug_abbrev  0x000004ec      0x1aa ./Core/Src/main.o
 .debug_abbrev  0x00000696      0x1b4 ./Core/Src/poti.o
 .debug_abbrev  0x0000084a      0x1d3 ./Core/Src/shift_register.o
 .debug_abbrev  0x00000a1d      0x1fe ./Core/Src/spi.o
 .debug_abbrev  0x00000c1b       0xdd ./Core/Src/stm32l4xx_hal_msp.o
 .debug_abbrev  0x00000cf8       0xac ./Core/Src/stm32l4xx_it.o
 .debug_abbrev  0x00000da4      0x117 ./Core/Src/system_stm32l4xx.o
 .debug_abbrev  0x00000ebb      0x229 ./Core/Src/tim.o
 .debug_abbrev  0x000010e4      0x150 ./Core/Src/traffic_control.o
 .debug_abbrev  0x00001234      0x1d0 ./Core/Src/traffic_control2.o
 .debug_abbrev  0x00001404      0x1b9 ./Core/Src/traffic_ped.o
 .debug_abbrev  0x000015bd      0x1f4 ./Core/Src/usart.o
 .debug_abbrev  0x000017b1       0x24 ./Core/Startup/startup_stm32l476rgtx.o
 .debug_abbrev  0x000017d5      0x347 ./Drivers/OLED/ssd1306.o
 .debug_abbrev  0x00001b1c       0xcd ./Drivers/OLED/ssd1306_fonts.o
 .debug_abbrev  0x00001be9      0x243 ./Drivers/STM32L4xx_HAL_Driver/Src/stm32l4xx_hal.o
 .debug_abbrev  0x00001e2c      0x2ef ./Drivers/STM32L4xx_HAL_Driver/Src/stm32l4xx_hal_adc.o
 .debug_abbrev  0x0000211b      0x2f0 ./Drivers/STM32L4xx_HAL_Driver/Src/stm32l4xx_hal_adc_ex.o
 .debug_abbrev  0x0000240b      0x31c ./Drivers/STM32L4xx_HAL_Driver/Src/stm32l4xx_hal_cortex.o
 .debug_abbrev  0x00002727      0x1d1 ./Drivers/STM32L4xx_HAL_Driver/Src/stm32l4xx_hal_gpio.o
 .debug_abbrev  0x000028f8      0x1f9 ./Drivers/STM32L4xx_HAL_Driver/Src/stm32l4xx_hal_pwr_ex.o
 .debug_abbrev  0x00002af1      0x2dc ./Drivers/STM32L4xx_HAL_Driver/Src/stm32l4xx_hal_rcc.o
 .debug_abbrev  0x00002dcd      0x2a5 ./Drivers/STM32L4xx_HAL_Driver/Src/stm32l4xx_hal_rcc_ex.o
 .debug_abbrev  0x00003072      0x282 ./Drivers/STM32L4xx_HAL_Driver/Src/stm32l4xx_hal_spi.o
 .debug_abbrev  0x000032f4      0x289 ./Drivers/STM32L4xx_HAL_Driver/Src/stm32l4xx_hal_tim.o
 .debug_abbrev  0x0000357d      0x284 ./Drivers/STM32L4xx_HAL_Driver/Src/stm32l4xx_hal_tim_ex.o
 .debug_abbrev  0x00003801      0x2f3 ./Drivers/STM32L4xx_HAL_Driver/Src/stm32l4xx_hal_uart.o

.debug_aranges  0x00000000     0x16f8
 .debug_aranges
                0x00000000       0x30 ./Core/Src/adc.o
 .debug_aranges
                0x00000030       0x30 ./Core/Src/display.o
 .debug_aranges
                0x00000060       0x20 ./Core/Src/gpio.o
 .debug_aranges
                0x00000080       0x30 ./Core/Src/main.o
 .debug_aranges
                0x000000b0       0x28 ./Core/Src/poti.o
 .debug_aranges
                0x000000d8       0x30 ./Core/Src/shift_register.o
 .debug_aranges
                0x00000108       0x38 ./Core/Src/spi.o
 .debug_aranges
                0x00000140       0x20 ./Core/Src/stm32l4xx_hal_msp.o
 .debug_aranges
                0x00000160       0x60 ./Core/Src/stm32l4xx_it.o
 .debug_aranges
                0x000001c0       0x28 ./Core/Src/system_stm32l4xx.o
 .debug_aranges
                0x000001e8       0x40 ./Core/Src/tim.o
 .debug_aranges
                0x00000228       0x40 ./Core/Src/traffic_control.o
 .debug_aranges
                0x00000268       0x58 ./Core/Src/traffic_control2.o
 .debug_aranges
                0x000002c0       0x58 ./Core/Src/traffic_ped.o
 .debug_aranges
                0x00000318       0x30 ./Core/Src/usart.o
 .debug_aranges
                0x00000348       0x28 ./Core/Startup/startup_stm32l476rgtx.o
 .debug_aranges
                0x00000370       0xe8 ./Drivers/OLED/ssd1306.o
 .debug_aranges
                0x00000458       0x18 ./Drivers/OLED/ssd1306_fonts.o
 .debug_aranges
                0x00000470      0x130 ./Drivers/STM32L4xx_HAL_Driver/Src/stm32l4xx_hal.o
 .debug_aranges
                0x000005a0      0x220 ./Drivers/STM32L4xx_HAL_Driver/Src/stm32l4xx_hal_adc.o
 .debug_aranges
                0x000007c0      0x1a8 ./Drivers/STM32L4xx_HAL_Driver/Src/stm32l4xx_hal_adc_ex.o
 .debug_aranges
                0x00000968      0x128 ./Drivers/STM32L4xx_HAL_Driver/Src/stm32l4xx_hal_cortex.o
 .debug_aranges
                0x00000a90       0x58 ./Drivers/STM32L4xx_HAL_Driver/Src/stm32l4xx_hal_gpio.o
 .debug_aranges
                0x00000ae8      0x160 ./Drivers/STM32L4xx_HAL_Driver/Src/stm32l4xx_hal_pwr_ex.o
 .debug_aranges
                0x00000c48       0x90 ./Drivers/STM32L4xx_HAL_Driver/Src/stm32l4xx_hal_rcc.o
 .debug_aranges
                0x00000cd8       0xc0 ./Drivers/STM32L4xx_HAL_Driver/Src/stm32l4xx_hal_rcc_ex.o
 .debug_aranges
                0x00000d98      0x1d8 ./Drivers/STM32L4xx_HAL_Driver/Src/stm32l4xx_hal_spi.o
 .debug_aranges
                0x00000f70      0x3e0 ./Drivers/STM32L4xx_HAL_Driver/Src/stm32l4xx_hal_tim.o
 .debug_aranges
                0x00001350      0x180 ./Drivers/STM32L4xx_HAL_Driver/Src/stm32l4xx_hal_tim_ex.o
 .debug_aranges
                0x000014d0      0x228 ./Drivers/STM32L4xx_HAL_Driver/Src/stm32l4xx_hal_uart.o

.debug_rnglists
                0x00000000     0x11bd
 .debug_rnglists
                0x00000000       0x21 ./Core/Src/adc.o
 .debug_rnglists
                0x00000021       0x21 ./Core/Src/display.o
 .debug_rnglists
                0x00000042       0x14 ./Core/Src/gpio.o
 .debug_rnglists
                0x00000056       0x20 ./Core/Src/main.o
 .debug_rnglists
                0x00000076       0x19 ./Core/Src/poti.o
 .debug_rnglists
                0x0000008f       0x1f ./Core/Src/shift_register.o
 .debug_rnglists
                0x000000ae       0x26 ./Core/Src/spi.o
 .debug_rnglists
                0x000000d4       0x13 ./Core/Src/stm32l4xx_hal_msp.o
 .debug_rnglists
                0x000000e7       0x43 ./Core/Src/stm32l4xx_it.o
 .debug_rnglists
                0x0000012a       0x1a ./Core/Src/system_stm32l4xx.o
 .debug_rnglists
                0x00000144       0x2e ./Core/Src/tim.o
 .debug_rnglists
                0x00000172       0x2c ./Core/Src/traffic_control.o
 .debug_rnglists
                0x0000019e       0x41 ./Core/Src/traffic_control2.o
 .debug_rnglists
                0x000001df       0x3e ./Core/Src/traffic_ped.o
 .debug_rnglists
                0x0000021d       0x20 ./Core/Src/usart.o
 .debug_rnglists
                0x0000023d       0x19 ./Core/Startup/startup_stm32l476rgtx.o
 .debug_rnglists
                0x00000256       0xb4 ./Drivers/OLED/ssd1306.o
 .debug_rnglists
                0x0000030a       0xdf ./Drivers/STM32L4xx_HAL_Driver/Src/stm32l4xx_hal.o
 .debug_rnglists
                0x000003e9      0x1b1 ./Drivers/STM32L4xx_HAL_Driver/Src/stm32l4xx_hal_adc.o
 .debug_rnglists
                0x0000059a      0x148 ./Drivers/STM32L4xx_HAL_Driver/Src/stm32l4xx_hal_adc_ex.o
 .debug_rnglists
                0x000006e2       0xda ./Drivers/STM32L4xx_HAL_Driver/Src/stm32l4xx_hal_cortex.o
 .debug_rnglists
                0x000007bc       0x3f ./Drivers/STM32L4xx_HAL_Driver/Src/stm32l4xx_hal_gpio.o
 .debug_rnglists
                0x000007fb      0x109 ./Drivers/STM32L4xx_HAL_Driver/Src/stm32l4xx_hal_pwr_ex.o
 .debug_rnglists
                0x00000904       0x6d ./Drivers/STM32L4xx_HAL_Driver/Src/stm32l4xx_hal_rcc.o
 .debug_rnglists
                0x00000971       0x95 ./Drivers/STM32L4xx_HAL_Driver/Src/stm32l4xx_hal_rcc_ex.o
 .debug_rnglists
                0x00000a06      0x178 ./Drivers/STM32L4xx_HAL_Driver/Src/stm32l4xx_hal_spi.o
 .debug_rnglists
                0x00000b7e      0x32c ./Drivers/STM32L4xx_HAL_Driver/Src/stm32l4xx_hal_tim.o
 .debug_rnglists
                0x00000eaa      0x139 ./Drivers/STM32L4xx_HAL_Driver/Src/stm32l4xx_hal_tim_ex.o
 .debug_rnglists
                0x00000fe3      0x1da ./Drivers/STM32L4xx_HAL_Driver/Src/stm32l4xx_hal_uart.o

.debug_macro    0x00000000    0x2ab02
 .debug_macro   0x00000000      0x220 ./Core/Src/adc.o
 .debug_macro   0x00000220      0xad8 ./Core/Src/adc.o
 .debug_macro   0x00000cf8      0x1b3 ./Core/Src/adc.o
 .debug_macro   0x00000eab       0x2e ./Core/Src/adc.o
 .debug_macro   0x00000ed9       0x28 ./Core/Src/adc.o
 .debug_macro   0x00000f01       0x22 ./Core/Src/adc.o
 .debug_macro   0x00000f23       0x8e ./Core/Src/adc.o
 .debug_macro   0x00000fb1       0x51 ./Core/Src/adc.o
 .debug_macro   0x00001002      0x103 ./Core/Src/adc.o
 .debug_macro   0x00001105       0x6a ./Core/Src/adc.o
 .debug_macro   0x0000116f      0x1df ./Core/Src/adc.o
 .debug_macro   0x0000134e       0x1c ./Core/Src/adc.o
 .debug_macro   0x0000136a       0x22 ./Core/Src/adc.o
 .debug_macro   0x0000138c       0xfb ./Core/Src/adc.o
 .debug_macro   0x00001487     0x1011 ./Core/Src/adc.o
 .debug_macro   0x00002498      0x11f ./Core/Src/adc.o
 .debug_macro   0x000025b7    0x1a192 ./Core/Src/adc.o
 .debug_macro   0x0001c749       0x6d ./Core/Src/adc.o
 .debug_macro   0x0001c7b6     0x38fb ./Core/Src/adc.o
 .debug_macro   0x000200b1      0x190 ./Core/Src/adc.o
 .debug_macro   0x00020241       0x5c ./Core/Src/adc.o
 .debug_macro   0x0002029d     0x159e ./Core/Src/adc.o
 .debug_macro   0x0002183b      0x5a5 ./Core/Src/adc.o
 .debug_macro   0x00021de0      0x1b9 ./Core/Src/adc.o
 .debug_macro   0x00021f99      0x18b ./Core/Src/adc.o
 .debug_macro   0x00022124      0x2c4 ./Core/Src/adc.o
 .debug_macro   0x000223e8      0x27a ./Core/Src/adc.o
 .debug_macro   0x00022662      0x23d ./Core/Src/adc.o
 .debug_macro   0x0002289f      0xf90 ./Core/Src/adc.o
 .debug_macro   0x0002382f      0x632 ./Core/Src/adc.o
 .debug_macro   0x00023e61      0x30c ./Core/Src/adc.o
 .debug_macro   0x0002416d      0x241 ./Core/Src/adc.o
 .debug_macro   0x000243ae      0x37c ./Core/Src/adc.o
 .debug_macro   0x0002472a       0xd6 ./Core/Src/adc.o
 .debug_macro   0x00024800      0x122 ./Core/Src/adc.o
 .debug_macro   0x00024922      0x3ef ./Core/Src/adc.o
 .debug_macro   0x00024d11      0x2fe ./Core/Src/adc.o
 .debug_macro   0x0002500f      0xa98 ./Core/Src/adc.o
 .debug_macro   0x00025aa7      0x1e6 ./Core/Src/adc.o
 .debug_macro   0x00025c8d      0x5cf ./Core/Src/adc.o
 .debug_macro   0x0002625c       0x44 ./Core/Src/adc.o
 .debug_macro   0x000262a0      0x330 ./Core/Src/adc.o
 .debug_macro   0x000265d0      0x124 ./Core/Src/adc.o
 .debug_macro   0x000266f4      0x2d2 ./Core/Src/display.o
 .debug_macro   0x000269c6       0x61 ./Core/Src/display.o
 .debug_macro   0x00026a27       0x2a ./Core/Src/display.o
 .debug_macro   0x00026a51       0x43 ./Core/Src/display.o
 .debug_macro   0x00026a94       0x34 ./Core/Src/display.o
 .debug_macro   0x00026ac8       0x6a ./Core/Src/display.o
 .debug_macro   0x00026b32       0x22 ./Core/Src/display.o
 .debug_macro   0x00026b54       0x22 ./Core/Src/display.o
 .debug_macro   0x00026b76       0x28 ./Core/Src/display.o
 .debug_macro   0x00026b9e      0x220 ./Core/Src/gpio.o
 .debug_macro   0x00026dbe      0x2df ./Core/Src/main.o
 .debug_macro   0x0002709d       0x58 ./Core/Src/main.o
 .debug_macro   0x000270f5       0x70 ./Core/Src/main.o
 .debug_macro   0x00027165      0x253 ./Core/Src/poti.o
 .debug_macro   0x000273b8      0x249 ./Core/Src/shift_register.o
 .debug_macro   0x00027601       0x52 ./Core/Src/shift_register.o
 .debug_macro   0x00027653      0x220 ./Core/Src/spi.o
 .debug_macro   0x00027873      0x216 ./Core/Src/stm32l4xx_hal_msp.o
 .debug_macro   0x00027a89      0x220 ./Core/Src/stm32l4xx_it.o
 .debug_macro   0x00027ca9      0x207 ./Core/Src/system_stm32l4xx.o
 .debug_macro   0x00027eb0      0x220 ./Core/Src/tim.o
 .debug_macro   0x000280d0      0x23c ./Core/Src/traffic_control.o
 .debug_macro   0x0002830c      0x245 ./Core/Src/traffic_control2.o
 .debug_macro   0x00028551       0x22 ./Core/Src/traffic_control2.o
 .debug_macro   0x00028573      0x23b ./Core/Src/traffic_ped.o
 .debug_macro   0x000287ae      0x220 ./Core/Src/usart.o
 .debug_macro   0x000289ce      0x35b ./Drivers/OLED/ssd1306.o
 .debug_macro   0x00028d29      0x19b ./Drivers/OLED/ssd1306.o
 .debug_macro   0x00028ec4       0x16 ./Drivers/OLED/ssd1306.o
 .debug_macro   0x00028eda      0x286 ./Drivers/OLED/ssd1306_fonts.o
 .debug_macro   0x00029160      0x255 ./Drivers/STM32L4xx_HAL_Driver/Src/stm32l4xx_hal.o
 .debug_macro   0x000293b5      0x224 ./Drivers/STM32L4xx_HAL_Driver/Src/stm32l4xx_hal_adc.o
 .debug_macro   0x000295d9      0x213 ./Drivers/STM32L4xx_HAL_Driver/Src/stm32l4xx_hal_adc_ex.o
 .debug_macro   0x000297ec      0x207 ./Drivers/STM32L4xx_HAL_Driver/Src/stm32l4xx_hal_cortex.o
 .debug_macro   0x000299f3      0x20e ./Drivers/STM32L4xx_HAL_Driver/Src/stm32l4xx_hal_gpio.o
 .debug_macro   0x00029c01      0x22b ./Drivers/STM32L4xx_HAL_Driver/Src/stm32l4xx_hal_pwr_ex.o
 .debug_macro   0x00029e2c      0x249 ./Drivers/STM32L4xx_HAL_Driver/Src/stm32l4xx_hal_rcc.o
 .debug_macro   0x0002a075      0x23d ./Drivers/STM32L4xx_HAL_Driver/Src/stm32l4xx_hal_rcc_ex.o
 .debug_macro   0x0002a2b2      0x20f ./Drivers/STM32L4xx_HAL_Driver/Src/stm32l4xx_hal_spi.o
 .debug_macro   0x0002a4c1      0x208 ./Drivers/STM32L4xx_HAL_Driver/Src/stm32l4xx_hal_tim.o
 .debug_macro   0x0002a6c9      0x207 ./Drivers/STM32L4xx_HAL_Driver/Src/stm32l4xx_hal_tim_ex.o
 .debug_macro   0x0002a8d0      0x232 ./Drivers/STM32L4xx_HAL_Driver/Src/stm32l4xx_hal_uart.o

.debug_line     0x00000000    0x1d808
 .debug_line    0x00000000      0x83a ./Core/Src/adc.o
 .debug_line    0x0000083a      0xa98 ./Core/Src/display.o
 .debug_line    0x000012d2      0x7d3 ./Core/Src/gpio.o
 .debug_line    0x00001aa5      0xa0d ./Core/Src/main.o
 .debug_line    0x000024b2      0x7b6 ./Core/Src/poti.o
 .debug_line    0x00002c68      0x7be ./Core/Src/shift_register.o
 .debug_line    0x00003426      0x88b ./Core/Src/spi.o
 .debug_line    0x00003cb1      0x76a ./Core/Src/stm32l4xx_hal_msp.o
 .debug_line    0x0000441b      0x819 ./Core/Src/stm32l4xx_it.o
 .debug_line    0x00004c34      0x808 ./Core/Src/system_stm32l4xx.o
 .debug_line    0x0000543c      0x8c1 ./Core/Src/tim.o
 .debug_line    0x00005cfd      0x8f1 ./Core/Src/traffic_control.o
 .debug_line    0x000065ee      0xcf5 ./Core/Src/traffic_control2.o
 .debug_line    0x000072e3      0x915 ./Core/Src/traffic_ped.o
 .debug_line    0x00007bf8      0x7f4 ./Core/Src/usart.o
 .debug_line    0x000083ec       0x7a ./Core/Startup/startup_stm32l476rgtx.o
 .debug_line    0x00008466     0x11f8 ./Drivers/OLED/ssd1306.o
 .debug_line    0x0000965e      0x886 ./Drivers/OLED/ssd1306_fonts.o
 .debug_line    0x00009ee4      0xb71 ./Drivers/STM32L4xx_HAL_Driver/Src/stm32l4xx_hal.o
 .debug_line    0x0000aa55     0x1f5a ./Drivers/STM32L4xx_HAL_Driver/Src/stm32l4xx_hal_adc.o
 .debug_line    0x0000c9af     0x196c ./Drivers/STM32L4xx_HAL_Driver/Src/stm32l4xx_hal_adc_ex.o
 .debug_line    0x0000e31b      0xd0b ./Drivers/STM32L4xx_HAL_Driver/Src/stm32l4xx_hal_cortex.o
 .debug_line    0x0000f026      0xbc4 ./Drivers/STM32L4xx_HAL_Driver/Src/stm32l4xx_hal_gpio.o
 .debug_line    0x0000fbea      0xd52 ./Drivers/STM32L4xx_HAL_Driver/Src/stm32l4xx_hal_pwr_ex.o
 .debug_line    0x0001093c     0x10c5 ./Drivers/STM32L4xx_HAL_Driver/Src/stm32l4xx_hal_rcc.o
 .debug_line    0x00011a01     0x1593 ./Drivers/STM32L4xx_HAL_Driver/Src/stm32l4xx_hal_rcc_ex.o
 .debug_line    0x00012f94     0x2050 ./Drivers/STM32L4xx_HAL_Driver/Src/stm32l4xx_hal_spi.o
 .debug_line    0x00014fe4     0x3ed4 ./Drivers/STM32L4xx_HAL_Driver/Src/stm32l4xx_hal_tim.o
 .debug_line    0x00018eb8     0x1bad ./Drivers/STM32L4xx_HAL_Driver/Src/stm32l4xx_hal_tim_ex.o
 .debug_line    0x0001aa65     0x2da3 ./Drivers/STM32L4xx_HAL_Driver/Src/stm32l4xx_hal_uart.o

.debug_str      0x00000000   0x10a7e9
 .debug_str     0x00000000   0x10a7e9 ./Core/Src/adc.o
                             0x100905 (size before relaxing)
 .debug_str     0x0010a7e9   0x100790 ./Core/Src/display.o
 .debug_str     0x0010a7e9   0x1000ea ./Core/Src/gpio.o
 .debug_str     0x0010a7e9   0x100923 ./Core/Src/main.o
 .debug_str     0x0010a7e9   0x1007d8 ./Core/Src/poti.o
 .debug_str     0x0010a7e9   0x10049d ./Core/Src/shift_register.o
 .debug_str     0x0010a7e9   0x100517 ./Core/Src/spi.o
 .debug_str     0x0010a7e9   0x10001a ./Core/Src/stm32l4xx_hal_msp.o
 .debug_str     0x0010a7e9    0xfff53 ./Core/Src/stm32l4xx_it.o
 .debug_str     0x0010a7e9    0xffc8a ./Core/Src/system_stm32l4xx.o
 .debug_str     0x0010a7e9   0x10076f ./Core/Src/tim.o
 .debug_str     0x0010a7e9   0x10014b ./Core/Src/traffic_control.o
 .debug_str     0x0010a7e9   0x100295 ./Core/Src/traffic_control2.o
 .debug_str     0x0010a7e9   0x100137 ./Core/Src/traffic_ped.o
 .debug_str     0x0010a7e9   0x100802 ./Core/Src/usart.o
 .debug_str     0x0010a7e9       0x8a ./Core/Startup/startup_stm32l476rgtx.o
 .debug_str     0x0010a7e9   0x104525 ./Drivers/OLED/ssd1306.o
 .debug_str     0x0010a7e9   0x100516 ./Drivers/OLED/ssd1306_fonts.o
 .debug_str     0x0010a7e9   0x10089e ./Drivers/STM32L4xx_HAL_Driver/Src/stm32l4xx_hal.o
 .debug_str     0x0010a7e9   0x100ad1 ./Drivers/STM32L4xx_HAL_Driver/Src/stm32l4xx_hal_adc.o
 .debug_str     0x0010a7e9   0x100a7a ./Drivers/STM32L4xx_HAL_Driver/Src/stm32l4xx_hal_adc_ex.o
 .debug_str     0x0010a7e9   0x100503 ./Drivers/STM32L4xx_HAL_Driver/Src/stm32l4xx_hal_cortex.o
 .debug_str     0x0010a7e9    0xffe15 ./Drivers/STM32L4xx_HAL_Driver/Src/stm32l4xx_hal_gpio.o
 .debug_str     0x0010a7e9   0x1001e5 ./Drivers/STM32L4xx_HAL_Driver/Src/stm32l4xx_hal_pwr_ex.o
 .debug_str     0x0010a7e9   0x1002d0 ./Drivers/STM32L4xx_HAL_Driver/Src/stm32l4xx_hal_rcc.o
 .debug_str     0x0010a7e9   0x10045b ./Drivers/STM32L4xx_HAL_Driver/Src/stm32l4xx_hal_rcc_ex.o
 .debug_str     0x0010a7e9   0x1004a5 ./Drivers/STM32L4xx_HAL_Driver/Src/stm32l4xx_hal_spi.o
 .debug_str     0x0010a7e9   0x100fdc ./Drivers/STM32L4xx_HAL_Driver/Src/stm32l4xx_hal_tim.o
 .debug_str     0x0010a7e9   0x1008f0 ./Drivers/STM32L4xx_HAL_Driver/Src/stm32l4xx_hal_tim_ex.o
 .debug_str     0x0010a7e9   0x1009e2 ./Drivers/STM32L4xx_HAL_Driver/Src/stm32l4xx_hal_uart.o

.comment        0x00000000       0x43
 .comment       0x00000000       0x43 ./Core/Src/adc.o
                                 0x44 (size before relaxing)
 .comment       0x00000043       0x44 ./Core/Src/display.o
 .comment       0x00000043       0x44 ./Core/Src/gpio.o
 .comment       0x00000043       0x44 ./Core/Src/main.o
 .comment       0x00000043       0x44 ./Core/Src/poti.o
 .comment       0x00000043       0x44 ./Core/Src/shift_register.o
 .comment       0x00000043       0x44 ./Core/Src/spi.o
 .comment       0x00000043       0x44 ./Core/Src/stm32l4xx_hal_msp.o
 .comment       0x00000043       0x44 ./Core/Src/stm32l4xx_it.o
 .comment       0x00000043       0x44 ./Core/Src/system_stm32l4xx.o
 .comment       0x00000043       0x44 ./Core/Src/tim.o
 .comment       0x00000043       0x44 ./Core/Src/traffic_control.o
 .comment       0x00000043       0x44 ./Core/Src/traffic_control2.o
 .comment       0x00000043       0x44 ./Core/Src/traffic_ped.o
 .comment       0x00000043       0x44 ./Core/Src/usart.o
 .comment       0x00000043       0x44 ./Drivers/OLED/ssd1306.o
 .comment       0x00000043       0x44 ./Drivers/OLED/ssd1306_fonts.o
 .comment       0x00000043       0x44 ./Drivers/STM32L4xx_HAL_Driver/Src/stm32l4xx_hal.o
 .comment       0x00000043       0x44 ./Drivers/STM32L4xx_HAL_Driver/Src/stm32l4xx_hal_adc.o
 .comment       0x00000043       0x44 ./Drivers/STM32L4xx_HAL_Driver/Src/stm32l4xx_hal_adc_ex.o
 .comment       0x00000043       0x44 ./Drivers/STM32L4xx_HAL_Driver/Src/stm32l4xx_hal_cortex.o
 .comment       0x00000043       0x44 ./Drivers/STM32L4xx_HAL_Driver/Src/stm32l4xx_hal_gpio.o
 .comment       0x00000043       0x44 ./Drivers/STM32L4xx_HAL_Driver/Src/stm32l4xx_hal_pwr_ex.o
 .comment       0x00000043       0x44 ./Drivers/STM32L4xx_HAL_Driver/Src/stm32l4xx_hal_rcc.o
 .comment       0x00000043       0x44 ./Drivers/STM32L4xx_HAL_Driver/Src/stm32l4xx_hal_rcc_ex.o
 .comment       0x00000043       0x44 ./Drivers/STM32L4xx_HAL_Driver/Src/stm32l4xx_hal_spi.o
 .comment       0x00000043       0x44 ./Drivers/STM32L4xx_HAL_Driver/Src/stm32l4xx_hal_tim.o
 .comment       0x00000043       0x44 ./Drivers/STM32L4xx_HAL_Driver/Src/stm32l4xx_hal_tim_ex.o
 .comment       0x00000043       0x44 ./Drivers/STM32L4xx_HAL_Driver/Src/stm32l4xx_hal_uart.o

.debug_frame    0x00000000     0x5f7c
 .debug_frame   0x00000000       0x80 ./Core/Src/adc.o
 .debug_frame   0x00000080       0x78 ./Core/Src/display.o
 .debug_frame   0x000000f8       0x34 ./Core/Src/gpio.o
 .debug_frame   0x0000012c       0x78 ./Core/Src/main.o
 .debug_frame   0x000001a4       0x50 ./Core/Src/poti.o
 .debug_frame   0x000001f4       0x6c ./Core/Src/shift_register.o
 .debug_frame   0x00000260       0x90 ./Core/Src/spi.o
 .debug_frame   0x000002f0       0x38 ./Core/Src/stm32l4xx_hal_msp.o
 .debug_frame   0x00000328      0x104 ./Core/Src/stm32l4xx_it.o
 .debug_frame   0x0000042c       0x58 ./Core/Src/system_stm32l4xx.o
 .debug_frame   0x00000484       0xcc ./Core/Src/tim.o
 .debug_frame   0x00000550       0xbc ./Core/Src/traffic_control.o
 .debug_frame   0x0000060c      0x124 ./Core/Src/traffic_control2.o
 .debug_frame   0x00000730      0x118 ./Core/Src/traffic_ped.o
 .debug_frame   0x00000848       0x78 ./Core/Src/usart.o
 .debug_frame   0x000008c0      0x3e0 ./Drivers/OLED/ssd1306.o
 .debug_frame   0x00000ca0      0x498 ./Drivers/STM32L4xx_HAL_Driver/Src/stm32l4xx_hal.o
 .debug_frame   0x00001138      0xa04 ./Drivers/STM32L4xx_HAL_Driver/Src/stm32l4xx_hal_adc.o
 .debug_frame   0x00001b3c      0x7a4 ./Drivers/STM32L4xx_HAL_Driver/Src/stm32l4xx_hal_adc_ex.o
 .debug_frame   0x000022e0      0x4e8 ./Drivers/STM32L4xx_HAL_Driver/Src/stm32l4xx_hal_cortex.o
 .debug_frame   0x000027c8      0x14c ./Drivers/STM32L4xx_HAL_Driver/Src/stm32l4xx_hal_gpio.o
 .debug_frame   0x00002914      0x584 ./Drivers/STM32L4xx_HAL_Driver/Src/stm32l4xx_hal_pwr_ex.o
 .debug_frame   0x00002e98      0x21c ./Drivers/STM32L4xx_HAL_Driver/Src/stm32l4xx_hal_rcc.o
 .debug_frame   0x000030b4      0x2fc ./Drivers/STM32L4xx_HAL_Driver/Src/stm32l4xx_hal_rcc_ex.o
 .debug_frame   0x000033b0      0x860 ./Drivers/STM32L4xx_HAL_Driver/Src/stm32l4xx_hal_spi.o
 .debug_frame   0x00003c10     0x121c ./Drivers/STM32L4xx_HAL_Driver/Src/stm32l4xx_hal_tim.o
 .debug_frame   0x00004e2c      0x6b0 ./Drivers/STM32L4xx_HAL_Driver/Src/stm32l4xx_hal_tim_ex.o
 .debug_frame   0x000054dc      0x9f4 ./Drivers/STM32L4xx_HAL_Driver/Src/stm32l4xx_hal_uart.o
 .debug_frame   0x00005ed0       0x20 /Applications/STM32CubeIDE.app/Contents/Eclipse/plugins/com.st.stm32cube.ide.mcu.externaltools.gnu-tools-for-stm32.13.3.rel1.macos64_1.0.0.202411102158/tools/bin/../lib/gcc/arm-none-eabi/13.3.1/../../../../arm-none-eabi/lib/thumb/v7e-m+fp/hard/libc_nano.a(libc_a-memset.o)
 .debug_frame   0x00005ef0       0x2c /Applications/STM32CubeIDE.app/Contents/Eclipse/plugins/com.st.stm32cube.ide.mcu.externaltools.gnu-tools-for-stm32.13.3.rel1.macos64_1.0.0.202411102158/tools/bin/../lib/gcc/arm-none-eabi/13.3.1/../../../../arm-none-eabi/lib/thumb/v7e-m+fp/hard/libc_nano.a(libc_a-init.o)
 .debug_frame   0x00005f1c       0x2c /Applications/STM32CubeIDE.app/Contents/Eclipse/plugins/com.st.stm32cube.ide.mcu.externaltools.gnu-tools-for-stm32.13.3.rel1.macos64_1.0.0.202411102158/tools/bin/../lib/gcc/arm-none-eabi/13.3.1/thumb/v7e-m+fp/hard/libgcc.a(_aeabi_uldivmod.o)
 .debug_frame   0x00005f48       0x34 /Applications/STM32CubeIDE.app/Contents/Eclipse/plugins/com.st.stm32cube.ide.mcu.externaltools.gnu-tools-for-stm32.13.3.rel1.macos64_1.0.0.202411102158/tools/bin/../lib/gcc/arm-none-eabi/13.3.1/thumb/v7e-m+fp/hard/libgcc.a(_udivmoddi4.o)

.debug_line_str
                0x00000000       0x6e
 .debug_line_str
                0x00000000       0x6e ./Core/Startup/startup_stm32l476rgtx.o
