../Core/Src/traffic_ped.c:48:20:ButtonPressed	8	static
../Core/Src/traffic_ped.c:55:6:TrafficPT_Init	4	static
../Core/Src/traffic_ped.c:65:6:TrafficPT_RequestCarsRed	4	static
../Core/Src/traffic_ped.c:70:6:TrafficPT_IsPedGreen	4	static
../Core/Src/traffic_ped.c:75:9:TrafficPT_GetPedLedMask	4	static
../Core/Src/traffic_ped.c:81:10:TrafficPT_GetRemainingPedDelay	16	static
../Core/Src/traffic_ped.c:91:10:TrafficPT_GetRemainingWalkDelay	16	static
../Core/Src/traffic_ped.c:102:6:TrafficPT_Update	16	static
