../Core/Src/traffic_control2.c:49:13:CarVerticalActive	8	static
../Core/Src/traffic_control2.c:56:13:CarHorizontalActive	8	static
../Core/Src/traffic_control2.c:65:13:UpdateSRBuffer	16	static
../Core/Src/traffic_control2.c:98:6:TrafficCtrl2_Init	16	static
../Core/Src/traffic_control2.c:109:6:TrafficCtrl2_Update	16	static
../Core/Src/traffic_control2.c:194:10:TrafficCtrl2_GetSRData	4	static
../Core/Src/traffic_control2.c:202:10:TrafficCtrl2_GetRemainingGreenDelay	32	static
../Core/Src/traffic_control2.c:246:10:TrafficCtrl2_GetRemainingRedDelay	24	static
